Archive member included to satisfy reference by file (symbol)

c:/program files/eclipse_e-puck2/tools/gcc-arm-none-eabi-7-2017-q4-major-win32/bin/../lib/gcc/arm-none-eabi/7.2.1/../../../../arm-none-eabi/lib/thumb/v7e-m/fpv4-sp/hard\libm.a(lib_a-wf_atan2.o)
                              build/obj/cmd.o (atan2f)
c:/program files/eclipse_e-puck2/tools/gcc-arm-none-eabi-7-2017-q4-major-win32/bin/../lib/gcc/arm-none-eabi/7.2.1/../../../../arm-none-eabi/lib/thumb/v7e-m/fpv4-sp/hard\libm.a(lib_a-wf_sqrt.o)
                              build/obj/cmd.o (sqrtf)
c:/program files/eclipse_e-puck2/tools/gcc-arm-none-eabi-7-2017-q4-major-win32/bin/../lib/gcc/arm-none-eabi/7.2.1/../../../../arm-none-eabi/lib/thumb/v7e-m/fpv4-sp/hard\libm.a(lib_a-ef_atan2.o)
                              c:/program files/eclipse_e-puck2/tools/gcc-arm-none-eabi-7-2017-q4-major-win32/bin/../lib/gcc/arm-none-eabi/7.2.1/../../../../arm-none-eabi/lib/thumb/v7e-m/fpv4-sp/hard\libm.a(lib_a-wf_atan2.o) (__ieee754_atan2f)
c:/program files/eclipse_e-puck2/tools/gcc-arm-none-eabi-7-2017-q4-major-win32/bin/../lib/gcc/arm-none-eabi/7.2.1/../../../../arm-none-eabi/lib/thumb/v7e-m/fpv4-sp/hard\libm.a(lib_a-ef_sqrt.o)
                              c:/program files/eclipse_e-puck2/tools/gcc-arm-none-eabi-7-2017-q4-major-win32/bin/../lib/gcc/arm-none-eabi/7.2.1/../../../../arm-none-eabi/lib/thumb/v7e-m/fpv4-sp/hard\libm.a(lib_a-wf_sqrt.o) (__ieee754_sqrtf)
c:/program files/eclipse_e-puck2/tools/gcc-arm-none-eabi-7-2017-q4-major-win32/bin/../lib/gcc/arm-none-eabi/7.2.1/../../../../arm-none-eabi/lib/thumb/v7e-m/fpv4-sp/hard\libm.a(lib_a-s_lib_ver.o)
                              c:/program files/eclipse_e-puck2/tools/gcc-arm-none-eabi-7-2017-q4-major-win32/bin/../lib/gcc/arm-none-eabi/7.2.1/../../../../arm-none-eabi/lib/thumb/v7e-m/fpv4-sp/hard\libm.a(lib_a-wf_sqrt.o) (__fdlib_version)
c:/program files/eclipse_e-puck2/tools/gcc-arm-none-eabi-7-2017-q4-major-win32/bin/../lib/gcc/arm-none-eabi/7.2.1/../../../../arm-none-eabi/lib/thumb/v7e-m/fpv4-sp/hard\libm.a(lib_a-s_matherr.o)
                              c:/program files/eclipse_e-puck2/tools/gcc-arm-none-eabi-7-2017-q4-major-win32/bin/../lib/gcc/arm-none-eabi/7.2.1/../../../../arm-none-eabi/lib/thumb/v7e-m/fpv4-sp/hard\libm.a(lib_a-wf_sqrt.o) (matherr)
c:/program files/eclipse_e-puck2/tools/gcc-arm-none-eabi-7-2017-q4-major-win32/bin/../lib/gcc/arm-none-eabi/7.2.1/../../../../arm-none-eabi/lib/thumb/v7e-m/fpv4-sp/hard\libm.a(lib_a-sf_atan.o)
                              c:/program files/eclipse_e-puck2/tools/gcc-arm-none-eabi-7-2017-q4-major-win32/bin/../lib/gcc/arm-none-eabi/7.2.1/../../../../arm-none-eabi/lib/thumb/v7e-m/fpv4-sp/hard\libm.a(lib_a-ef_atan2.o) (atanf)
c:/program files/eclipse_e-puck2/tools/gcc-arm-none-eabi-7-2017-q4-major-win32/bin/../lib/gcc/arm-none-eabi/7.2.1/../../../../arm-none-eabi/lib/thumb/v7e-m/fpv4-sp/hard\libm.a(lib_a-sf_fabs.o)
                              c:/program files/eclipse_e-puck2/tools/gcc-arm-none-eabi-7-2017-q4-major-win32/bin/../lib/gcc/arm-none-eabi/7.2.1/../../../../arm-none-eabi/lib/thumb/v7e-m/fpv4-sp/hard\libm.a(lib_a-ef_atan2.o) (fabsf)
../../lib/e-puck2_main-processor/libPDMFilter_CM4F_GCC.a(pdm_filter.o)
                              build/obj/mp45dt02_processing.o (PDM_Filter_Init)
c:/program files/eclipse_e-puck2/tools/gcc-arm-none-eabi-7-2017-q4-major-win32/bin/../lib/gcc/arm-none-eabi/7.2.1/thumb/v7e-m/fpv4-sp/hard\libgcc.a(_arm_addsubdf3.o)
                              build/obj/chprintf.o (__aeabi_dsub)
c:/program files/eclipse_e-puck2/tools/gcc-arm-none-eabi-7-2017-q4-major-win32/bin/../lib/gcc/arm-none-eabi/7.2.1/thumb/v7e-m/fpv4-sp/hard\libgcc.a(_arm_muldivdf3.o)
                              build/obj/chprintf.o (__aeabi_dmul)
c:/program files/eclipse_e-puck2/tools/gcc-arm-none-eabi-7-2017-q4-major-win32/bin/../lib/gcc/arm-none-eabi/7.2.1/thumb/v7e-m/fpv4-sp/hard\libgcc.a(_arm_fixdfsi.o)
                              build/obj/chprintf.o (__aeabi_d2iz)
c:/program files/eclipse_e-puck2/tools/gcc-arm-none-eabi-7-2017-q4-major-win32/bin/../lib/gcc/arm-none-eabi/7.2.1/thumb/v7e-m/fpv4-sp/hard\libgcc.a(_arm_fixunsdfsi.o)
                              ../../lib/e-puck2_main-processor/libPDMFilter_CM4F_GCC.a(pdm_filter.o) (__aeabi_d2uiz)
c:/program files/eclipse_e-puck2/tools/gcc-arm-none-eabi-7-2017-q4-major-win32/bin/../lib/gcc/arm-none-eabi/7.2.1/thumb/v7e-m/fpv4-sp/hard\libgcc.a(_arm_truncdfsf2.o)
                              build/obj/cmp.o (__aeabi_d2f)
c:/program files/eclipse_e-puck2/tools/gcc-arm-none-eabi-7-2017-q4-major-win32/bin/../lib/gcc/arm-none-eabi/7.2.1/thumb/v7e-m/fpv4-sp/hard\libgcc.a(_arm_addsubsf3.o)
                              build/obj/parameter_msgpack.o (__aeabi_l2f)
c:/program files/eclipse_e-puck2/tools/gcc-arm-none-eabi-7-2017-q4-major-win32/bin/../lib/gcc/arm-none-eabi/7.2.1/thumb/v7e-m/fpv4-sp/hard\libgcc.a(_aeabi_uldivmod.o)
                              build/obj/uc_usage.o (__aeabi_uldivmod)
[...]
Memory Configuration

Name             Origin             Length             Attributes
flash            0x08000000         0x000c0000
aseba_bytecode   0x080c0000         0x00020000
config           0x080e0000         0x00020000
ram              0x20000000         0x0001c000
ethram           0x2001c000         0x00004000
ccmram           0x10000000         0x00010000
ram0             0x20000000         0x00020000
ram1             0x20000000         0x0001c000
ram2             0x2001c000         0x00004000
ram3             0x00000000         0x00000000
ram4             0x10000000         0x00010000
ram5             0x40024000         0x00001000
ram6             0x00000000         0x00000000
ram7             0x00000000         0x00000000
*default*        0x00000000         0xffffffff

Linker script and memory map

LOAD build/obj/crt0_v7m.o
LOAD build/obj/chcoreasm_v7m.o
LOAD build/obj/main.o
LOAD build/obj/communications.o
LOAD build/obj/spi3_slave_lld.o
LOAD build/obj/dcmi_lld.o
LOAD build/obj/dcmi.o
LOAD build/obj/spi3_slave.o
LOAD build/obj/audio_thread.o
LOAD build/obj/microphone.o
LOAD build/obj/mp45dt02_processing.o
LOAD build/obj/play_melody.o
LOAD build/obj/button.o
LOAD build/obj/dcmi_camera.o
LOAD build/obj/po8030.o
LOAD build/obj/cmd.o
LOAD build/obj/Asercom.o
LOAD build/obj/Asercom2.o
LOAD build/obj/DataEEPROM.o
LOAD build/obj/e_I2C_protocol.o
LOAD build/obj/e_acc.o
LOAD build/obj/e_ad_conv.o
LOAD build/obj/e_micro.o
LOAD build/obj/e_prox.o
LOAD build/obj/e_lsm330.o
LOAD build/obj/e_common.o
LOAD build/obj/e_sound.o
LOAD build/obj/e_agenda.o
LOAD build/obj/e_led.o
LOAD build/obj/e_motors.o
LOAD build/obj/e_remote_control.o
LOAD build/obj/e_init_port.o
LOAD build/obj/e_uart_char.o
LOAD build/obj/utility.o
LOAD build/obj/exti.o
LOAD build/obj/flash.o
LOAD build/obj/i2c_bus.o
LOAD build/obj/ir_remote.o
LOAD build/obj/leds.o
LOAD build/obj/memory_protection.o
LOAD build/obj/motors.o
LOAD build/obj/panic.o
LOAD build/obj/selector.o
LOAD build/obj/battery_level.o
LOAD build/obj/imu.o
LOAD build/obj/mpu9250.o
LOAD build/obj/proximity.o
LOAD build/obj/spi_comm.o
LOAD build/obj/sdio.o
LOAD build/obj/usbcfg.o
LOAD build/obj/uc_usage.o
LOAD build/obj/malloc_lock.o
LOAD build/obj/newlib_syscalls.o
LOAD build/obj/port.o
LOAD build/obj/communication.o
LOAD build/obj/config_flash_storage.o
LOAD build/obj/vl53l0x_api.o
LOAD build/obj/vl53l0x_api_calibration.o
LOAD build/obj/vl53l0x_api_core.o
LOAD build/obj/vl53l0x_api_ranging.o
LOAD build/obj/vl53l0x_api_strings.o
LOAD build/obj/vl53l0x_i2c_platform.o
LOAD build/obj/vl53l0x_platform.o
LOAD build/obj/VL53L0X.o
LOAD build/obj/serial_datagram.o
LOAD build/obj/cmp.o
LOAD build/obj/cmp_mem_access.o
LOAD build/obj/crc16.o
LOAD build/obj/crc32.o
LOAD build/obj/messagebus.o
LOAD build/obj/parameter.o
LOAD build/obj/parameter_msgpack.o
LOAD build/obj/parameter_print.o
LOAD build/obj/fat.o
LOAD build/obj/play_sound_file.o
LOAD build/obj/crt1.o
LOAD build/obj/vectors.o
LOAD build/obj/chsys.o
LOAD build/obj/chdebug.o
LOAD build/obj/chvt.o
LOAD build/obj/chschd.o
LOAD build/obj/chthreads.o
LOAD build/obj/chtm.o
LOAD build/obj/chstats.o
LOAD build/obj/chdynamic.o
LOAD build/obj/chregistry.o
LOAD build/obj/chsem.o
LOAD build/obj/chmtx.o
LOAD build/obj/chcond.o
LOAD build/obj/chevents.o
LOAD build/obj/chmsg.o
LOAD build/obj/chmboxes.o
LOAD build/obj/chqueues.o
LOAD build/obj/chmemcore.o
LOAD build/obj/chheap.o
LOAD build/obj/chmempools.o
LOAD build/obj/chcore.o
LOAD build/obj/chcore_v7m.o
LOAD build/obj/osal.o
LOAD build/obj/hal.o
LOAD build/obj/hal_queues.o
LOAD build/obj/hal_mmcsd.o
LOAD build/obj/adc.o
LOAD build/obj/can.o
LOAD build/obj/dac.o
LOAD build/obj/ext.o
LOAD build/obj/gpt.o
LOAD build/obj/i2c.o
LOAD build/obj/i2s.o
LOAD build/obj/icu.o
LOAD build/obj/mac.o
LOAD build/obj/mmc_spi.o
LOAD build/obj/pal.o
LOAD build/obj/pwm.o
LOAD build/obj/rtc.o
LOAD build/obj/sdc.o
LOAD build/obj/serial.o
LOAD build/obj/serial_usb.o
LOAD build/obj/spi.o
LOAD build/obj/st.o
LOAD build/obj/uart.o
LOAD build/obj/usb.o
LOAD build/obj/nvic.o
LOAD build/obj/stm32_dma.o
LOAD build/obj/hal_lld.o
LOAD build/obj/adc_lld.o
LOAD build/obj/ext_lld_isr.o
LOAD build/obj/can_lld.o
LOAD build/obj/ext_lld.o
LOAD build/obj/mac_lld.o
LOAD build/obj/sdc_lld.o
LOAD build/obj/dac_lld.o
LOAD build/obj/pal_lld.o
LOAD build/obj/i2c_lld.o
LOAD build/obj/usb_lld.o
LOAD build/obj/rtc_lld.o
LOAD build/obj/i2s_lld.o
LOAD build/obj/spi_lld.o
LOAD build/obj/gpt_lld.o
LOAD build/obj/icu_lld.o
LOAD build/obj/pwm_lld.o
LOAD build/obj/st_lld.o
LOAD build/obj/serial_lld.o
LOAD build/obj/uart_lld.o
LOAD build/obj/board.o
LOAD build/obj/test.o
LOAD build/obj/testthd.o
LOAD build/obj/testsem.o
LOAD build/obj/testmtx.o
LOAD build/obj/testmsg.o
LOAD build/obj/testmbox.o
LOAD build/obj/testevt.o
LOAD build/obj/testheap.o
LOAD build/obj/testpools.o
LOAD build/obj/testdyn.o
LOAD build/obj/testqueues.o
LOAD build/obj/testsys.o
LOAD build/obj/testbmk.o
LOAD build/obj/shell.o
LOAD build/obj/memstreams.o
LOAD build/obj/chprintf.o
LOAD build/obj/fatfs_diskio.o
LOAD build/obj/fatfs_syscall.o
LOAD build/obj/ff.o
LOAD build/obj/unicode.o
LOAD build/obj/vm-buffer.o
LOAD build/obj/can-buffer.o
LOAD build/obj/can-net.o
LOAD build/obj/natives.o
LOAD build/obj/vm.o
LOAD build/obj/aseba_can_interface.o
LOAD build/obj/aseba_node.o
LOAD build/obj/skel_user.o
LOAD build/obj/aseba_bridge.o
                0x080c0000                _aseba_bytecode_start = ORIGIN (aseba_bytecode)
                0x080e0000                _aseba_bytecode_end = (ORIGIN (aseba_bytecode) + LENGTH (aseba_bytecode))
                0x080e0000                _config_start = ORIGIN (config)
                0x08100000                _config_end = (ORIGIN (config) + LENGTH (config))
                0x20000000                __ram0_start__ = ORIGIN (ram0)
                0x00020000                __ram0_size__ = LENGTH (ram0)
                0x20020000                __ram0_end__ = (__ram0_start__ + __ram0_size__)
                0x20000000                __ram1_start__ = ORIGIN (ram1)
                0x0001c000                __ram1_size__ = LENGTH (ram1)
                0x2001c000                __ram1_end__ = (__ram1_start__ + __ram1_size__)
                0x2001c000                __ram2_start__ = ORIGIN (ram2)
                0x00004000                __ram2_size__ = LENGTH (ram2)
                0x20020000                __ram2_end__ = (__ram2_start__ + __ram2_size__)
                0x00000000                __ram3_start__ = ORIGIN (ram3)
                0x00000000                __ram3_size__ = LENGTH (ram3)
                0x00000000                __ram3_end__ = (__ram3_start__ + __ram3_size__)
                0x10000000                __ram4_start__ = ORIGIN (ram4)
                0x00010000                __ram4_size__ = LENGTH (ram4)
                0x10010000                __ram4_end__ = (__ram4_start__ + __ram4_size__)
                0x40024000                __ram5_start__ = ORIGIN (ram5)
                0x00001000                __ram5_size__ = LENGTH (ram5)
                0x40025000                __ram5_end__ = (__ram5_start__ + __ram5_size__)
                0x00000000                __ram6_start__ = ORIGIN (ram6)
                0x00000000                __ram6_size__ = LENGTH (ram6)
                0x00000000                __ram6_end__ = (__ram6_start__ + __ram6_size__)
                0x00000000                __ram7_start__ = ORIGIN (ram7)
                0x00000000                __ram7_size__ = LENGTH (ram7)
                0x00000000                __ram7_end__ = (__ram7_start__ + __ram7_size__)
                0x00000000                . = 0x0
                0x00000000                _text = .

startup         0x08000000      0x1c0
 *(.vectors)
 .vectors       0x08000000      0x1c0 build/obj/vectors.o
                0x08000000                _vectors

constructors    0x080001c0        0x0
                0x080001c0                PROVIDE (__init_array_start, .)
 *(SORT_BY_NAME(.init_array.*))
 *(.init_array)
                0x080001c0                PROVIDE (__init_array_end, .)

destructors     0x080001c0        0x0
                0x080001c0                PROVIDE (__fini_array_start, .)
 *(.fini_array)
 *(SORT_BY_NAME(.fini_array.*))
                0x080001c0                PROVIDE (__fini_array_end, .)

.text           0x080001c0    0x10b6c
 *(.text)
 .text          0x080001c0       0xf0 build/obj/crt0_v7m.o
                0x080001c0                Reset_Handler
 .text          0x080002b0       0x48 build/obj/chcoreasm_v7m.o
                0x080002b0                _port_switch
                0x080002c8                _port_thread_start
                0x080002e0                _port_switch_from_isr
                0x080002f4                _port_exit_from_isr
 *fill*         0x080002f8        0x8 
 .text          0x08000300      0x378 c:/program files/eclipse_e-puck2/tools/gcc-arm-none-eabi-7-2017-q4-major-win32/bin/../lib/gcc/arm-none-eabi/7.2.1/thumb/v7e-m/fpv4-sp/hard\libgcc.a(_arm_addsubdf3.o)
                0x08000300                __aeabi_drsub
                0x08000308                __aeabi_dsub
                0x08000308                __subdf3
                0x0800030c                __aeabi_dadd
                0x0800030c                __adddf3
                0x08000584                __floatunsidf
                0x08000584                __aeabi_ui2d
                0x080005a4                __floatsidf
                0x080005a4                __aeabi_i2d
                0x080005c8                __aeabi_f2d
                0x080005c8                __extendsfdf2
                0x0800060c                __floatundidf
                0x0800060c                __aeabi_ul2d
                0x0800061c                __floatdidf
                0x0800061c                __aeabi_l2d
 *fill*         0x08000678        0x8 
 .text          0x08000680      0x424 c:/program files/eclipse_e-puck2/tools/gcc-arm-none-eabi-7-2017-q4-major-win32/bin/../lib/gcc/arm-none-eabi/7.2.1/thumb/v7e-m/fpv4-sp/hard\libgcc.a(_arm_muldivdf3.o)
                0x08000680                __aeabi_dmul
                0x08000680                __muldf3
                0x080008d4                __divdf3
                0x080008d4                __aeabi_ddiv
 *fill*         0x08000aa4        0xc 
 .text          0x08000ab0       0x50 c:/program files/eclipse_e-puck2/tools/gcc-arm-none-eabi-7-2017-q4-major-win32/bin/../lib/gcc/arm-none-eabi/7.2.1/thumb/v7e-m/fpv4-sp/hard\libgcc.a(_arm_fixdfsi.o)
                0x08000ab0                __aeabi_d2iz
                0x08000ab0                __fixdfsi
 .text          0x08000b00       0xa0 c:/program files/eclipse_e-puck2/tools/gcc-arm-none-eabi-7-2017-q4-major-win32/bin/../lib/gcc/arm-none-eabi/7.2.1/thumb/v7e-m/fpv4-sp/hard\libgcc.a(_arm_truncdfsf2.o)
                0x08000b00                __truncdfsf2
                0x08000b00                __aeabi_d2f
 .text          0x08000ba0       0x30 c:/program files/eclipse_e-puck2/tools/gcc-arm-none-eabi-7-2017-q4-major-win32/bin/../lib/gcc/arm-none-eabi/7.2.1/thumb/v7e-m/fpv4-sp/hard\libgcc.a(_aeabi_uldivmod.o)
                0x08000ba0                __aeabi_uldivmod
 .text          0x08000bd0      0x2cc c:/program files/eclipse_e-puck2/tools/gcc-arm-none-eabi-7-2017-q4-major-win32/bin/../lib/gcc/arm-none-eabi/7.2.1/thumb/v7e-m/fpv4-sp/hard\libgcc.a(_udivmoddi4.o)
                0x08000bd0                __udivmoddi4
 *fill*         0x08000e9c        0x4 
 .text          0x08000ea0        0x4 c:/program files/eclipse_e-puck2/tools/gcc-arm-none-eabi-7-2017-q4-major-win32/bin/../lib/gcc/arm-none-eabi/7.2.1/thumb/v7e-m/fpv4-sp/hard\libgcc.a(_dvmd_tls.o)
                0x08000ea0                __aeabi_idiv0
                0x08000ea0                __aeabi_ldiv0
 *fill*         0x08000ea4        0xc 
 .text          0x08000eb0      0x134 c:/program files/eclipse_e-puck2/tools/gcc-arm-none-eabi-7-2017-q4-major-win32/bin/../lib/gcc/arm-none-eabi/7.2.1/../../../../arm-none-eabi/lib/thumb/v7e-m/fpv4-sp/hard\libg.a(lib_a-memcpy.o)
                0x08000eb0                memcpy
 *fill*         0x08000fe4        0xc 
 .text          0x08000ff0       0xdc c:/program files/eclipse_e-puck2/tools/gcc-arm-none-eabi-7-2017-q4-major-win32/bin/../lib/gcc/arm-none-eabi/7.2.1/../../../../arm-none-eabi/lib/thumb/v7e-m/fpv4-sp/hard\libg.a(lib_a-strlen.o)
                0x08000ff0                strlen
 *fill*         0x080010cc        0x4 
 .text          0x080010d0       0xa0 c:/program files/eclipse_e-puck2/tools/gcc-arm-none-eabi-7-2017-q4-major-win32/bin/../lib/gcc/arm-none-eabi/7.2.1/../../../../arm-none-eabi/lib/thumb/v7e-m/fpv4-sp/hard\libg.a(lib_a-memchr.o)
                0x080010d0                memchr
 .text          0x08001170      0x110 c:/program files/eclipse_e-puck2/tools/gcc-arm-none-eabi-7-2017-q4-major-win32/bin/../lib/gcc/arm-none-eabi/7.2.1/thumb/v7e-m/fpv4-sp/hard\libgcc.a(_arm_cmpdf2.o)
                0x08001170                __gtdf2
                0x08001170                __gedf2
                0x08001178                __ltdf2
                0x08001178                __ledf2
                0x08001180                __nedf2
                0x08001180                __eqdf2
                0x08001180                __cmpdf2
                0x080011fc                __aeabi_cdrcmple
                0x0800120c                __aeabi_cdcmpeq
                0x0800120c                __aeabi_cdcmple
                0x0800121c                __aeabi_dcmpeq
                0x08001230                __aeabi_dcmplt
                0x08001244                __aeabi_dcmple
                0x08001258                __aeabi_dcmpge
                0x0800126c                __aeabi_dcmpgt
 .text          0x08001280       0x2c c:/program files/eclipse_e-puck2/tools/gcc-arm-none-eabi-7-2017-q4-major-win32/bin/../lib/gcc/arm-none-eabi/7.2.1/thumb/v7e-m/fpv4-sp/hard\libgcc.a(_arm_unorddf2.o)
                0x08001280                __unorddf2
                0x08001280                __aeabi_dcmpun
 *(.text.*)
 *fill*         0x080012ac        0x4 
 .text.chprintf.constprop.0
                0x080012b0       0x3c build/obj/main.o
 *fill*         0x080012ec        0x4 
 .text.startup.main
                0x080012f0       0xbc build/obj/main.o
                0x080012f0                main
 *fill*         0x080013ac        0x4 
 .text.__stack_chk_fail
                0x080013b0       0x2c build/obj/main.o
                0x080013b0                __stack_chk_fail
 *fill*         0x080013dc        0x4 
 .text.dcmi_lld_stop_stream.part.0
                0x080013e0       0x4c build/obj/dcmi_lld.o
 *fill*         0x0800142c        0x4 
 .text.Vector178
                0x08001430       0xb0 build/obj/dcmi_lld.o
                0x08001430                Vector178
 .text.i2c_start.part.0
                0x080014e0       0x6c build/obj/i2c_bus.o
 *fill*         0x0800154c        0x4 
 .text.i2c_start
                0x08001550       0x3c build/obj/i2c_bus.o
                0x08001550                i2c_start
 *fill*         0x0800158c        0x4 
 .text.read_reg
                0x08001590       0x9c build/obj/i2c_bus.o
                0x08001590                read_reg
 *fill*         0x0800162c        0x4 
 .text.write_reg
                0x08001630       0x94 build/obj/i2c_bus.o
                0x08001630                write_reg
 *fill*         0x080016c4        0xc 
 .text.read_reg_multi
                0x080016d0       0x90 build/obj/i2c_bus.o
                0x080016d0                read_reg_multi
 .text.mpu_configure_region
                0x08001760       0xb0 build/obj/memory_protection.o
                0x08001760                mpu_configure_region
 .text.mpu_init
                0x08001810       0xa4 build/obj/memory_protection.o
                0x08001810                mpu_init
 *fill*         0x080018b4        0xc 
 .text.MemManage_Handler
                0x080018c0       0x84 build/obj/memory_protection.o
                0x080018c0                MemManage_Handler
 *fill*         0x08001944        0xc 
 .text.right_motor_update
                0x08001950       0x88 build/obj/motors.o
 *fill*         0x080019d8        0x8 
 .text.left_motor_update
                0x080019e0       0x88 build/obj/motors.o
 *fill*         0x08001a68        0x8 
 .text.right_motor_pwm_ch1_cb
                0x08001a70       0x3c build/obj/motors.o
 *fill*         0x08001aac        0x4 
 .text.left_motor_pwm_ch1_cb
                0x08001ab0       0x3c build/obj/motors.o
 *fill*         0x08001aec        0x4 
 .text.right_motor_enable_power_save
                0x08001af0       0x38 build/obj/motors.o
                0x08001af0                right_motor_enable_power_save
 *fill*         0x08001b28        0x8 
 .text.left_motor_enable_power_save
                0x08001b30       0x38 build/obj/motors.o
                0x08001b30                left_motor_enable_power_save
 *fill*         0x08001b68        0x8 
 .text.right_motor_disable_power_save
                0x08001b70       0x2c build/obj/motors.o
                0x08001b70                right_motor_disable_power_save
 *fill*         0x08001b9c        0x4 
 .text.left_motor_disable_power_save
                0x08001ba0       0x2c build/obj/motors.o
                0x08001ba0                left_motor_disable_power_save
 *fill*         0x08001bcc        0x4 
 .text.right_motor_timer_callback
                0x08001bd0       0x7c build/obj/motors.o
 *fill*         0x08001c4c        0x4 
 .text.left_motor_timer_callback
                0x08001c50       0x7c build/obj/motors.o
 *fill*         0x08001ccc        0x4 
 .text.motor_set_speed
                0x08001cd0       0x8c build/obj/motors.o
                0x08001cd0                motor_set_speed
 *fill*         0x08001d5c        0x4 
 .text.left_motor_set_speed
                0x08001d60       0x2c build/obj/motors.o
                0x08001d60                left_motor_set_speed
 *fill*         0x08001d8c        0x4 
 .text.right_motor_set_speed
                0x08001d90       0x2c build/obj/motors.o
                0x08001d90                right_motor_set_speed
 *fill*         0x08001dbc        0x4 
 .text.motors_init
                0x08001dc0       0xb0 build/obj/motors.o
                0x08001dc0                motors_init
 .text.panic_handler
                0x08001e70       0x38 build/obj/panic.o
                0x08001e70                panic_handler
 *fill*         0x08001ea8        0x8 
 .text.imu_reader_thd
                0x08001eb0      0x24c build/obj/imu.o
 *fill*         0x080020fc        0x4 
 .text.get_acc_filtered.part.0
                0x08002100       0x68 build/obj/imu.o
 *fill*         0x08002168        0x8 
 .text.imu_start
                0x08002170       0x60 build/obj/imu.o
                0x08002170                imu_start
 .text.get_acc  0x080021d0       0x34 build/obj/imu.o
                0x080021d0                get_acc
 *fill*         0x08002204        0xc 
 .text.calibrate_acc
                0x08002210       0x54 build/obj/imu.o
                0x08002210                calibrate_acc
 *fill*         0x08002264        0xc 
 .text.mpu9250_setup
                0x08002270      0x14c build/obj/mpu9250.o
                0x08002270                mpu9250_setup
 *fill*         0x080023bc        0x4 
 .text.mpu9250_read
                0x080023c0      0x240 build/obj/mpu9250.o
                0x080023c0                mpu9250_read
 .text.pwm_reset_cb
                0x08002600       0x8c build/obj/proximity.o
 *fill*         0x0800268c        0x4 
 .text.pwm_ch1_cb
                0x08002690       0x40 build/obj/proximity.o
 .text.proximity_thd
                0x080026d0      0x188 build/obj/proximity.o
 *fill*         0x08002858        0x8 
 .text.adc_cb   0x08002860       0x90 build/obj/proximity.o
 .text.proximity_start
                0x080028f0       0xa0 build/obj/proximity.o
                0x080028f0                proximity_start
 .text.calibrate_ir
                0x08002990       0x40 build/obj/proximity.o
                0x08002990                calibrate_ir
 .text.get_descriptor
                0x080029d0       0x50 build/obj/usbcfg.o
 .text.usb_event
                0x08002a20       0x68 build/obj/usbcfg.o
 *fill*         0x08002a88        0x8 
 .text.usb_start
                0x08002a90       0x64 build/obj/usbcfg.o
                0x08002a90                usb_start
 *fill*         0x08002af4        0xc 
 .text.__malloc_lock
                0x08002b00       0x2c build/obj/malloc_lock.o
                0x08002b00                __malloc_lock
 *fill*         0x08002b2c        0x4 
 .text.__malloc_unlock
                0x08002b30       0x2c build/obj/malloc_lock.o
                0x08002b30                __malloc_unlock
 *fill*         0x08002b5c        0x4 
 .text._sbrk_r  0x08002b60       0x40 build/obj/newlib_syscalls.o
                0x08002b60                _sbrk_r
 .text._fini    0x08002ba0       0x20 build/obj/newlib_syscalls.o
                0x08002ba0                _fini
 .text.messagebus_lock_acquire
                0x08002bc0       0x24 build/obj/port.o
                0x08002bc0                messagebus_lock_acquire
 *fill*         0x08002be4        0xc 
 .text.messagebus_lock_release
                0x08002bf0       0x24 build/obj/port.o
                0x08002bf0                messagebus_lock_release
 *fill*         0x08002c14        0xc 
 .text.messagebus_condvar_broadcast
                0x08002c20       0x24 build/obj/port.o
                0x08002c20                messagebus_condvar_broadcast
 *fill*         0x08002c44        0xc 
 .text.messagebus_init
                0x08002c50       0x28 build/obj/messagebus.o
                0x08002c50                messagebus_init
 *fill*         0x08002c78        0x8 
 .text.messagebus_topic_init
                0x08002c80       0x44 build/obj/messagebus.o
                0x08002c80                messagebus_topic_init
 *fill*         0x08002cc4        0xc 
 .text.messagebus_advertise_topic
                0x08002cd0       0x58 build/obj/messagebus.o
                0x08002cd0                messagebus_advertise_topic
 *fill*         0x08002d28        0x8 
 .text.messagebus_topic_publish
                0x08002d30       0x78 build/obj/messagebus.o
                0x08002d30                messagebus_topic_publish
 *fill*         0x08002da8        0x8 
 .text.__late_init
                0x08002db0       0x20 build/obj/crt1.o
                0x08002db0                __late_init
 .text.__default_exit
                0x08002dd0       0x10 build/obj/crt1.o
                0x08002dd0                __default_exit
 .text._unhandled_exception
                0x08002de0       0x1c build/obj/vectors.o
                0x08002de0                VectorAC
                0x08002de0                DebugMon_Handler
                0x08002de0                Vector1A0
                0x08002de0                Vector11C
                0x08002de0                HardFault_Handler
                0x08002de0                Vector1B8
                0x08002de0                Vector19C
                0x08002de0                PendSV_Handler
                0x08002de0                Vector168
                0x08002de0                NMI_Handler
                0x08002de0                Vector110
                0x08002de0                VectorC8
                0x08002de0                Vector160
                0x08002de0                Vector1B0
                0x08002de0                UsageFault_Handler
                0x08002de0                Vector40
                0x08002de0                VectorF8
                0x08002de0                Vector190
                0x08002de0                Vector148
                0x08002de0                Vector188
                0x08002de0                Vector198
                0x08002de0                VectorCC
                0x08002de0                Vector54
                0x08002de0                VectorD8
                0x08002de0                Vector24
                0x08002de0                Vector1AC
                0x08002de0                Vector1A4
                0x08002de0                VectorD0
                0x08002de0                Vector1B4
                0x08002de0                Vector140
                0x08002de0                Vector134
                0x08002de0                VectorF0
                0x08002de0                Vector13C
                0x08002de0                Vector100
                0x08002de0                VectorF4
                0x08002de0                VectorA0
                0x08002de0                VectorC4
                0x08002de0                Vector180
                0x08002de0                Vector114
                0x08002de0                Vector164
                0x08002de0                Vector1C
                0x08002de0                Vector1BC
                0x08002de0                Vector17C
                0x08002de0                Vector1A8
                0x08002de0                Vector16C
                0x08002de0                VectorD4
                0x08002de0                Vector144
                0x08002de0                Vector15C
                0x08002de0                _unhandled_exception
                0x08002de0                Vector184
                0x08002de0                Vector10C
                0x08002de0                BusFault_Handler
                0x08002de0                Vector50
                0x08002de0                Vector194
                0x08002de0                Vector28
                0x08002de0                Vector34
                0x08002de0                VectorA4
                0x08002de0                Vector20
                0x08002de0                Vector18C
                0x08002de0                Vector174
 *fill*         0x08002dfc        0x4 
 .text._idle_thread
                0x08002e00       0x10 build/obj/chsys.o
 .text.chSysInit
                0x08002e10       0xd0 build/obj/chsys.o
                0x08002e10                chSysInit
 .text.chSysHalt
                0x08002ee0       0x20 build/obj/chsys.o
                0x08002ee0                chSysHalt
 .text.chSysTimerHandlerI
                0x08002f00       0xa0 build/obj/chsys.o
                0x08002f00                chSysTimerHandlerI
 .text.chSysPolledDelayX
                0x08002fa0       0x30 build/obj/chsys.o
                0x08002fa0                chSysPolledDelayX
 .text._dbg_check_enable
                0x08002fd0       0x48 build/obj/chdebug.o
                0x08002fd0                _dbg_check_enable
 *fill*         0x08003018        0x8 
 .text._dbg_check_lock
                0x08003020       0x3c build/obj/chdebug.o
                0x08003020                _dbg_check_lock
 *fill*         0x0800305c        0x4 
 .text._dbg_check_unlock
                0x08003060       0x40 build/obj/chdebug.o
                0x08003060                _dbg_check_unlock
 .text._dbg_check_lock_from_isr
                0x080030a0       0x3c build/obj/chdebug.o
                0x080030a0                _dbg_check_lock_from_isr
 *fill*         0x080030dc        0x4 
 .text._dbg_check_unlock_from_isr
                0x080030e0       0x40 build/obj/chdebug.o
                0x080030e0                _dbg_check_unlock_from_isr
 .text._dbg_check_enter_isr
                0x08003120       0x4c build/obj/chdebug.o
                0x08003120                _dbg_check_enter_isr
 *fill*         0x0800316c        0x4 
 .text._dbg_check_leave_isr
                0x08003170       0x4c build/obj/chdebug.o
                0x08003170                _dbg_check_leave_isr
 *fill*         0x080031bc        0x4 
 .text.chDbgCheckClassI
                0x080031c0       0x4c build/obj/chdebug.o
                0x080031c0                chDbgCheckClassI
 *fill*         0x0800320c        0x4 
 .text.chDbgCheckClassS
                0x08003210       0x48 build/obj/chdebug.o
                0x08003210                chDbgCheckClassS
 *fill*         0x08003258        0x8 
 .text._dbg_trace_init
                0x08003260       0x2c build/obj/chdebug.o
                0x08003260                _dbg_trace_init
 *fill*         0x0800328c        0x4 
 .text._dbg_trace
                0x08003290       0x50 build/obj/chdebug.o
                0x08003290                _dbg_trace
 .text._vt_init
                0x080032e0       0x38 build/obj/chvt.o
                0x080032e0                _vt_init
 *fill*         0x08003318        0x8 
 .text.chVTDoSetI
                0x08003320       0x74 build/obj/chvt.o
                0x08003320                chVTDoSetI
 *fill*         0x08003394        0xc 
 .text.chVTDoResetI
                0x080033a0       0x68 build/obj/chvt.o
                0x080033a0                chVTDoResetI
 *fill*         0x08003408        0x8 
 .text._scheduler_init
                0x08003410       0x34 build/obj/chschd.o
                0x08003410                _scheduler_init
 *fill*         0x08003444        0xc 
 .text.chSchReadyI
                0x08003450       0x68 build/obj/chschd.o
                0x08003450                chSchReadyI
 *fill*         0x080034b8        0x8 
 .text.wakeup   0x080034c0       0x88 build/obj/chschd.o
 *fill*         0x08003548        0x8 
 .text.chSchGoSleepS
                0x08003550       0x74 build/obj/chschd.o
                0x08003550                chSchGoSleepS
 *fill*         0x080035c4        0xc 
 .text.chSchGoSleepTimeoutS
                0x080035d0       0x64 build/obj/chschd.o
                0x080035d0                chSchGoSleepTimeoutS
 *fill*         0x08003634        0xc 
 .text.chSchWakeupS
                0x08003640       0x88 build/obj/chschd.o
                0x08003640                chSchWakeupS
 *fill*         0x080036c8        0x8 
 .text.chSchIsPreemptionRequired
                0x080036d0       0x44 build/obj/chschd.o
                0x080036d0                chSchIsPreemptionRequired
 *fill*         0x08003714        0xc 
 .text.chSchDoRescheduleBehind
                0x08003720       0x70 build/obj/chschd.o
                0x08003720                chSchDoRescheduleBehind
 .text.chSchDoRescheduleAhead
                0x08003790       0x80 build/obj/chschd.o
                0x08003790                chSchDoRescheduleAhead
 .text.chSchRescheduleS
                0x08003810       0x48 build/obj/chschd.o
                0x08003810                chSchRescheduleS
 *fill*         0x08003858        0x8 
 .text.chSchDoReschedule
                0x08003860       0x44 build/obj/chschd.o
                0x08003860                chSchDoReschedule
 *fill*         0x080038a4        0xc 
 .text._thread_init
                0x080038b0       0x74 build/obj/chthreads.o
                0x080038b0                _thread_init
 *fill*         0x08003924        0xc 
 .text._thread_memfill
                0x08003930       0x2c build/obj/chthreads.o
                0x08003930                _thread_memfill
 *fill*         0x0800395c        0x4 
 .text.chThdCreateI
                0x08003960       0x74 build/obj/chthreads.o
                0x08003960                chThdCreateI
 *fill*         0x080039d4        0xc 
 .text.chThdCreateStatic
                0x080039e0       0xb0 build/obj/chthreads.o
                0x080039e0                chThdCreateStatic
 .text.chThdSleep
                0x08003a90       0x74 build/obj/chthreads.o
                0x08003a90                chThdSleep
 *fill*         0x08003b04        0xc 
 .text.chThdSleepUntilWindowed
                0x08003b10       0x84 build/obj/chthreads.o
                0x08003b10                chThdSleepUntilWindowed
 *fill*         0x08003b94        0xc 
 .text.chThdExitS
                0x08003ba0       0x68 build/obj/chthreads.o
                0x08003ba0                chThdExitS
 *fill*         0x08003c08        0x8 
 .text.chThdExit
                0x08003c10       0x38 build/obj/chthreads.o
                0x08003c10                chThdExit
 *fill*         0x08003c48        0x8 
 .text.chThdSuspendS
                0x08003c50       0x44 build/obj/chthreads.o
                0x08003c50                chThdSuspendS
 *fill*         0x08003c94        0xc 
 .text.chThdSuspendTimeoutS
                0x08003ca0       0x58 build/obj/chthreads.o
                0x08003ca0                chThdSuspendTimeoutS
 *fill*         0x08003cf8        0x8 
 .text.chThdResumeI
                0x08003d00       0x54 build/obj/chthreads.o
                0x08003d00                chThdResumeI
 *fill*         0x08003d54        0xc 
 .text.chThdEnqueueTimeoutS
                0x08003d60       0x4c build/obj/chthreads.o
                0x08003d60                chThdEnqueueTimeoutS
 *fill*         0x08003dac        0x4 
 .text.chThdDequeueNextI
                0x08003db0       0x54 build/obj/chthreads.o
                0x08003db0                chThdDequeueNextI
 *fill*         0x08003e04        0xc 
 .text.chThdDequeueAllI
                0x08003e10       0x5c build/obj/chthreads.o
                0x08003e10                chThdDequeueAllI
 *fill*         0x08003e6c        0x4 
 .text.chTMObjectInit
                0x08003e70       0x34 build/obj/chtm.o
                0x08003e70                chTMObjectInit
 *fill*         0x08003ea4        0xc 
 .text.chTMStartMeasurementX
                0x08003eb0       0x2c build/obj/chtm.o
                0x08003eb0                chTMStartMeasurementX
 *fill*         0x08003edc        0x4 
 .text.chTMStopMeasurementX
                0x08003ee0       0x60 build/obj/chtm.o
                0x08003ee0                chTMStopMeasurementX
 .text._tm_init
                0x08003f40       0x50 build/obj/chtm.o
                0x08003f40                _tm_init
 .text.chTMChainMeasurementToX
                0x08003f90       0x5c build/obj/chtm.o
                0x08003f90                chTMChainMeasurementToX
 *fill*         0x08003fec        0x4 
 .text._stats_init
                0x08003ff0       0x40 build/obj/chstats.o
                0x08003ff0                _stats_init
 .text._stats_increase_irq
                0x08004030       0x30 build/obj/chstats.o
                0x08004030                _stats_increase_irq
 .text._stats_ctxswc
                0x08004060       0x40 build/obj/chstats.o
                0x08004060                _stats_ctxswc
 .text._stats_start_measure_crit_thd
                0x080040a0       0x2c build/obj/chstats.o
                0x080040a0                _stats_start_measure_crit_thd
 *fill*         0x080040cc        0x4 
 .text._stats_stop_measure_crit_thd
                0x080040d0       0x2c build/obj/chstats.o
                0x080040d0                _stats_stop_measure_crit_thd
 *fill*         0x080040fc        0x4 
 .text._stats_start_measure_crit_isr
                0x08004100       0x2c build/obj/chstats.o
                0x08004100                _stats_start_measure_crit_isr
 *fill*         0x0800412c        0x4 
 .text._stats_stop_measure_crit_isr
                0x08004130       0x2c build/obj/chstats.o
                0x08004130                _stats_stop_measure_crit_isr
 *fill*         0x0800415c        0x4 
 .text.chSemWaitS
                0x08004160       0x7c build/obj/chsem.o
                0x08004160                chSemWaitS
 *fill*         0x080041dc        0x4 
 .text.chSemWait
                0x080041e0       0x68 build/obj/chsem.o
                0x080041e0                chSemWait
 *fill*         0x08004248        0x8 
 .text.chSemSignalI
                0x08004250       0x7c build/obj/chsem.o
                0x08004250                chSemSignalI
 *fill*         0x080042cc        0x4 
 .text.chMtxObjectInit
                0x080042d0       0x38 build/obj/chmtx.o
                0x080042d0                chMtxObjectInit
 *fill*         0x08004308        0x8 
 .text.chMtxLockS
                0x08004310      0x184 build/obj/chmtx.o
                0x08004310                chMtxLockS
 *fill*         0x08004494        0xc 
 .text.chMtxLock
                0x080044a0       0x64 build/obj/chmtx.o
                0x080044a0                chMtxLock
 *fill*         0x08004504        0xc 
 .text.chMtxUnlock
                0x08004510      0x10c build/obj/chmtx.o
                0x08004510                chMtxUnlock
 *fill*         0x0800461c        0x4 
 .text.chCondBroadcastI
                0x08004620       0x50 build/obj/chcond.o
                0x08004620                chCondBroadcastI
 .text.chCondBroadcast
                0x08004670       0x68 build/obj/chcond.o
                0x08004670                chCondBroadcast
 *fill*         0x080046d8        0x8 
 .text.chEvtRegisterMaskWithFlags
                0x080046e0       0x8c build/obj/chevents.o
                0x080046e0                chEvtRegisterMaskWithFlags
 *fill*         0x0800476c        0x4 
 .text.chEvtSignalI
                0x08004770       0x6c build/obj/chevents.o
                0x08004770                chEvtSignalI
 *fill*         0x080047dc        0x4 
 .text.chEvtBroadcastFlagsI
                0x080047e0       0x58 build/obj/chevents.o
                0x080047e0                chEvtBroadcastFlagsI
 *fill*         0x08004838        0x8 
 .text.chIQObjectInit
                0x08004840       0x38 build/obj/chqueues.o
                0x08004840                chIQObjectInit
 *fill*         0x08004878        0x8 
 .text.chIQResetI
                0x08004880       0x3c build/obj/chqueues.o
                0x08004880                chIQResetI
 *fill*         0x080048bc        0x4 
 .text.chIQPutI
                0x080048c0       0x60 build/obj/chqueues.o
                0x080048c0                chIQPutI
 .text.chIQGetTimeout
                0x08004920       0x9c build/obj/chqueues.o
                0x08004920                chIQGetTimeout
 *fill*         0x080049bc        0x4 
 .text.chIQReadTimeout
                0x080049c0      0x100 build/obj/chqueues.o
                0x080049c0                chIQReadTimeout
 .text.chOQObjectInit
                0x08004ac0       0x34 build/obj/chqueues.o
                0x08004ac0                chOQObjectInit
 *fill*         0x08004af4        0xc 
 .text.chOQResetI
                0x08004b00       0x3c build/obj/chqueues.o
                0x08004b00                chOQResetI
 *fill*         0x08004b3c        0x4 
 .text.chOQPutTimeout
                0x08004b40       0xcc build/obj/chqueues.o
                0x08004b40                chOQPutTimeout
 *fill*         0x08004c0c        0x4 
 .text.chOQGetI
                0x08004c10       0x5c build/obj/chqueues.o
                0x08004c10                chOQGetI
 *fill*         0x08004c6c        0x4 
 .text.chOQWriteTimeout
                0x08004c70      0x104 build/obj/chqueues.o
                0x08004c70                chOQWriteTimeout
 *fill*         0x08004d74        0xc 
 .text._core_init
                0x08004d80       0x44 build/obj/chmemcore.o
                0x08004d80                _core_init
 *fill*         0x08004dc4        0xc 
 .text.chCoreAlloc
                0x08004dd0       0x88 build/obj/chmemcore.o
                0x08004dd0                chCoreAlloc
 *fill*         0x08004e58        0x8 
 .text._heap_init
                0x08004e60       0x3c build/obj/chheap.o
                0x08004e60                _heap_init
 *fill*         0x08004e9c        0x4 
 .text.SVC_Handler
                0x08004ea0       0x40 build/obj/chcore_v7m.o
                0x08004ea0                SVC_Handler
 .text._port_irq_epilogue
                0x08004ee0       0x7c build/obj/chcore_v7m.o
                0x08004ee0                _port_irq_epilogue
 *fill*         0x08004f5c        0x4 
 .text.halInit  0x08004f60       0x6c build/obj/hal.o
                0x08004f60                halInit
 *fill*         0x08004fcc        0x4 
 .text._mmcsd_get_slice
                0x08004fd0       0x74 build/obj/hal_mmcsd.o
                0x08004fd0                _mmcsd_get_slice
 *fill*         0x08005044        0xc 
 .text._mmcsd_get_capacity
                0x08005050       0x80 build/obj/hal_mmcsd.o
                0x08005050                _mmcsd_get_capacity
 .text._mmcsd_get_capacity_ext
                0x080050d0       0x4c build/obj/hal_mmcsd.o
                0x080050d0                _mmcsd_get_capacity_ext
 *fill*         0x0800511c        0x4 
 .text.adcInit  0x08005120       0x24 build/obj/adc.o
                0x08005120                adcInit
 *fill*         0x08005144        0xc 
 .text.adcObjectInit
                0x08005150       0x38 build/obj/adc.o
                0x08005150                adcObjectInit
 *fill*         0x08005188        0x8 
 .text.adcStart
                0x08005190       0x88 build/obj/adc.o
                0x08005190                adcStart
 *fill*         0x08005218        0x8 
 .text.adcStartConversionI
                0x08005220       0x6c build/obj/adc.o
                0x08005220                adcStartConversionI
 *fill*         0x0800528c        0x4 
 .text.adcStartConversion
                0x08005290       0x74 build/obj/adc.o
                0x08005290                adcStartConversion
 *fill*         0x08005304        0xc 
 .text.adcAcquireBus
                0x08005310       0x38 build/obj/adc.o
                0x08005310                adcAcquireBus
 *fill*         0x08005348        0x8 
 .text.canInit  0x08005350       0x24 build/obj/can.o
                0x08005350                canInit
 *fill*         0x08005374        0xc 
 .text.canObjectInit
                0x08005380       0x54 build/obj/can.o
                0x08005380                canObjectInit
 *fill*         0x080053d4        0xc 
 .text.dacInit  0x080053e0       0x24 build/obj/dac.o
                0x080053e0                dacInit
 *fill*         0x08005404        0xc 
 .text.dacObjectInit
                0x08005410       0x30 build/obj/dac.o
                0x08005410                dacObjectInit
 .text.extInit  0x08005440       0x24 build/obj/ext.o
                0x08005440                extInit
 *fill*         0x08005464        0xc 
 .text.extObjectInit
                0x08005470       0x28 build/obj/ext.o
                0x08005470                extObjectInit
 *fill*         0x08005498        0x8 
 .text.gptInit  0x080054a0       0x24 build/obj/gpt.o
                0x080054a0                gptInit
 *fill*         0x080054c4        0xc 
 .text.gptObjectInit
                0x080054d0       0x28 build/obj/gpt.o
                0x080054d0                gptObjectInit
 *fill*         0x080054f8        0x8 
 .text.i2cInit  0x08005500       0x24 build/obj/i2c.o
                0x08005500                i2cInit
 *fill*         0x08005524        0xc 
 .text.i2cObjectInit
                0x08005530       0x30 build/obj/i2c.o
                0x08005530                i2cObjectInit
 .text.i2cStart
                0x08005560       0x90 build/obj/i2c.o
                0x08005560                i2cStart
 .text.i2cStop  0x080055f0       0x88 build/obj/i2c.o
                0x080055f0                i2cStop
 *fill*         0x08005678        0x8 
 .text.i2cGetErrors
                0x08005680       0x30 build/obj/i2c.o
                0x08005680                i2cGetErrors
 .text.i2cMasterTransmitTimeout
                0x080056b0       0xd8 build/obj/i2c.o
                0x080056b0                i2cMasterTransmitTimeout
 *fill*         0x08005788        0x8 
 .text.i2cAcquireBus
                0x08005790       0x38 build/obj/i2c.o
                0x08005790                i2cAcquireBus
 *fill*         0x080057c8        0x8 
 .text.i2cReleaseBus
                0x080057d0       0x38 build/obj/i2c.o
                0x080057d0                i2cReleaseBus
 *fill*         0x08005808        0x8 
 .text.i2sInit  0x08005810       0x24 build/obj/i2s.o
                0x08005810                i2sInit
 *fill*         0x08005834        0xc 
 .text.i2sObjectInit
                0x08005840       0x28 build/obj/i2s.o
                0x08005840                i2sObjectInit
 *fill*         0x08005868        0x8 
 .text.pwmInit  0x08005870       0x24 build/obj/pwm.o
                0x08005870                pwmInit
 *fill*         0x08005894        0xc 
 .text.pwmObjectInit
                0x080058a0       0x2c build/obj/pwm.o
                0x080058a0                pwmObjectInit
 *fill*         0x080058cc        0x4 
 .text.pwmStart
                0x080058d0       0x98 build/obj/pwm.o
                0x080058d0                pwmStart
 *fill*         0x08005968        0x8 
 .text.pwmChangePeriod
                0x08005970       0x84 build/obj/pwm.o
                0x08005970                pwmChangePeriod
 *fill*         0x080059f4        0xc 
 .text.pwmEnableChannel
                0x08005a00       0x98 build/obj/pwm.o
                0x08005a00                pwmEnableChannel
 *fill*         0x08005a98        0x8 
 .text.pwmDisableChannel
                0x08005aa0       0x94 build/obj/pwm.o
                0x08005aa0                pwmDisableChannel
 *fill*         0x08005b34        0xc 
 .text.pwmEnablePeriodicNotification
                0x08005b40       0x8c build/obj/pwm.o
                0x08005b40                pwmEnablePeriodicNotification
 *fill*         0x08005bcc        0x4 
 .text.pwmEnableChannelNotification
                0x08005bd0       0xb8 build/obj/pwm.o
                0x08005bd0                pwmEnableChannelNotification
 *fill*         0x08005c88        0x8 
 .text.sdcGetInfo
                0x08005c90       0x4c build/obj/sdc.o
                0x08005c90                sdcGetInfo
 *fill*         0x08005cdc        0x4 
 .text.sdcConnect
                0x08005ce0      0x3bc build/obj/sdc.o
                0x08005ce0                sdcConnect
 *fill*         0x0800609c        0x4 
 .text.sdcRead  0x080060a0       0x74 build/obj/sdc.o
                0x080060a0                sdcRead
 *fill*         0x08006114        0xc 
 .text.sdcWrite
                0x08006120       0x74 build/obj/sdc.o
                0x08006120                sdcWrite
 *fill*         0x08006194        0xc 
 .text.sdcSync  0x080061a0       0x44 build/obj/sdc.o
                0x080061a0                sdcSync
 *fill*         0x080061e4        0xc 
 .text._sdc_wait_for_transfer_state
                0x080061f0       0x54 build/obj/sdc.o
                0x080061f0                _sdc_wait_for_transfer_state
 *fill*         0x08006244        0xc 
 .text.sdcDisconnect
                0x08006250       0xc8 build/obj/sdc.o
                0x08006250                sdcDisconnect
 *fill*         0x08006318        0x8 
 .text.sdcInit  0x08006320       0x24 build/obj/sdc.o
                0x08006320                sdcInit
 *fill*         0x08006344        0xc 
 .text.sdcObjectInit
                0x08006350       0x34 build/obj/sdc.o
                0x08006350                sdcObjectInit
 *fill*         0x08006384        0xc 
 .text.readt    0x08006390       0x28 build/obj/serial.o
 *fill*         0x080063b8        0x8 
 .text.read     0x080063c0       0x2c build/obj/serial.o
 *fill*         0x080063ec        0x4 
 .text.writet   0x080063f0       0x28 build/obj/serial.o
 *fill*         0x08006418        0x8 
 .text.write    0x08006420       0x2c build/obj/serial.o
 *fill*         0x0800644c        0x4 
 .text.gett     0x08006450       0x28 build/obj/serial.o
 *fill*         0x08006478        0x8 
 .text.get      0x08006480       0x2c build/obj/serial.o
 *fill*         0x080064ac        0x4 
 .text.putt     0x080064b0       0x28 build/obj/serial.o
 *fill*         0x080064d8        0x8 
 .text.put      0x080064e0       0x2c build/obj/serial.o
 *fill*         0x0800650c        0x4 
 .text.sdInit   0x08006510       0x24 build/obj/serial.o
                0x08006510                sdInit
 *fill*         0x08006534        0xc 
 .text.sdObjectInit
                0x08006540       0x5c build/obj/serial.o
                0x08006540                sdObjectInit
 *fill*         0x0800659c        0x4 
 .text.sdStart  0x080065a0       0x88 build/obj/serial.o
                0x080065a0                sdStart
 *fill*         0x08006628        0x8 
 .text.sdIncomingDataI
                0x08006630       0x68 build/obj/serial.o
                0x08006630                sdIncomingDataI
 *fill*         0x08006698        0x8 
 .text.inotify  0x080066a0       0xc8 build/obj/serial_usb.o
 *fill*         0x08006768        0x8 
 .text.readt    0x08006770       0x28 build/obj/serial_usb.o
 *fill*         0x08006798        0x8 
 .text.read     0x080067a0       0x2c build/obj/serial_usb.o
 *fill*         0x080067cc        0x4 
 .text.writet   0x080067d0       0x28 build/obj/serial_usb.o
 *fill*         0x080067f8        0x8 
 .text.write    0x08006800       0x2c build/obj/serial_usb.o
 *fill*         0x0800682c        0x4 
 .text.gett     0x08006830       0x28 build/obj/serial_usb.o
 *fill*         0x08006858        0x8 
 .text.get      0x08006860       0x2c build/obj/serial_usb.o
 *fill*         0x0800688c        0x4 
 .text.putt     0x08006890       0x28 build/obj/serial_usb.o
 *fill*         0x080068b8        0x8 
 .text.put      0x080068c0       0x2c build/obj/serial_usb.o
 *fill*         0x080068ec        0x4 
 .text.onotify  0x080068f0       0xb8 build/obj/serial_usb.o
 *fill*         0x080069a8        0x8 
 .text.sduInit  0x080069b0       0x20 build/obj/serial_usb.o
                0x080069b0                sduInit
 .text.sduObjectInit
                0x080069d0       0x60 build/obj/serial_usb.o
                0x080069d0                sduObjectInit
 .text.sduStart
                0x08006a30       0xa4 build/obj/serial_usb.o
                0x08006a30                sduStart
 *fill*         0x08006ad4        0xc 
 .text.sduConfigureHookI
                0x08006ae0       0x64 build/obj/serial_usb.o
                0x08006ae0                sduConfigureHookI
 *fill*         0x08006b44        0xc 
 .text.sduRequestsHook
                0x08006b50       0x60 build/obj/serial_usb.o
                0x08006b50                sduRequestsHook
 .text.sduDataTransmitted
                0x08006bb0       0xb8 build/obj/serial_usb.o
                0x08006bb0                sduDataTransmitted
 *fill*         0x08006c68        0x8 
 .text.sduDataReceived
                0x08006c70       0xac build/obj/serial_usb.o
                0x08006c70                sduDataReceived
 *fill*         0x08006d1c        0x4 
 .text.sduInterruptTransmitted
                0x08006d20       0x20 build/obj/serial_usb.o
                0x08006d20                sduInterruptTransmitted
 .text.spiInit  0x08006d40       0x24 build/obj/spi.o
                0x08006d40                spiInit
 *fill*         0x08006d64        0xc 
 .text.spiObjectInit
                0x08006d70       0x30 build/obj/spi.o
                0x08006d70                spiObjectInit
 .text.stInit   0x08006da0       0x24 build/obj/st.o
                0x08006da0                stInit
 *fill*         0x08006dc4        0xc 
 .text.usbInit  0x08006dd0       0x24 build/obj/usb.o
                0x08006dd0                usbInit
 *fill*         0x08006df4        0xc 
 .text.usbObjectInit
                0x08006e00       0x38 build/obj/usb.o
                0x08006e00                usbObjectInit
 *fill*         0x08006e38        0x8 
 .text.usbStart
                0x08006e40       0x94 build/obj/usb.o
                0x08006e40                usbStart
 *fill*         0x08006ed4        0xc 
 .text.usbInitEndpointI
                0x08006ee0       0x84 build/obj/usb.o
                0x08006ee0                usbInitEndpointI
 *fill*         0x08006f64        0xc 
 .text.usbPrepareQueuedReceive
                0x08006f70       0x3c build/obj/usb.o
                0x08006f70                usbPrepareQueuedReceive
 *fill*         0x08006fac        0x4 
 .text.usbPrepareQueuedTransmit
                0x08006fb0       0x3c build/obj/usb.o
                0x08006fb0                usbPrepareQueuedTransmit
 *fill*         0x08006fec        0x4 
 .text.usbStartReceiveI
                0x08006ff0       0x54 build/obj/usb.o
                0x08006ff0                usbStartReceiveI
 *fill*         0x08007044        0xc 
 .text.usbStartTransmitI
                0x08007050       0x54 build/obj/usb.o
                0x08007050                usbStartTransmitI
 *fill*         0x080070a4        0xc 
 .text._usb_reset
                0x080070b0       0x3c build/obj/usb.o
                0x080070b0                _usb_reset
 *fill*         0x080070ec        0x4 
 .text._usb_ep0setup
                0x080070f0      0x344 build/obj/usb.o
                0x080070f0                _usb_ep0setup
 *fill*         0x08007434        0xc 
 .text._usb_ep0in
                0x08007440      0x120 build/obj/usb.o
                0x08007440                _usb_ep0in
 .text._usb_ep0out
                0x08007560       0xcc build/obj/usb.o
                0x08007560                _usb_ep0out
 *fill*         0x0800762c        0x4 
 .text.nvicEnableVector
                0x08007630       0x4c build/obj/nvic.o
                0x08007630                nvicEnableVector
 *fill*         0x0800767c        0x4 
 .text.nvicDisableVector
                0x08007680       0x3c build/obj/nvic.o
                0x08007680                nvicDisableVector
 *fill*         0x080076bc        0x4 
 .text.nvicSetSystemHandlerPriority
                0x080076c0       0x40 build/obj/nvic.o
                0x080076c0                nvicSetSystemHandlerPriority
 .text.Vector6C
                0x08007700       0x4c build/obj/stm32_dma.o
                0x08007700                Vector6C
 *fill*         0x0800774c        0x4 
 .text.Vector70
                0x08007750       0x50 build/obj/stm32_dma.o
                0x08007750                Vector70
 .text.Vector74
                0x080077a0       0x50 build/obj/stm32_dma.o
                0x080077a0                Vector74
 .text.Vector78
                0x080077f0       0x50 build/obj/stm32_dma.o
                0x080077f0                Vector78
 .text.Vector7C
                0x08007840       0x4c build/obj/stm32_dma.o
                0x08007840                Vector7C
 *fill*         0x0800788c        0x4 
 .text.Vector80
                0x08007890       0x50 build/obj/stm32_dma.o
                0x08007890                Vector80
 .text.Vector84
                0x080078e0       0x50 build/obj/stm32_dma.o
                0x080078e0                Vector84
 .text.VectorFC
                0x08007930       0x50 build/obj/stm32_dma.o
                0x08007930                VectorFC
 .text.Vector120
                0x08007980       0x4c build/obj/stm32_dma.o
                0x08007980                Vector120
 *fill*         0x080079cc        0x4 
 .text.Vector124
                0x080079d0       0x50 build/obj/stm32_dma.o
                0x080079d0                Vector124
 .text.Vector128
                0x08007a20       0x50 build/obj/stm32_dma.o
                0x08007a20                Vector128
 .text.Vector12C
                0x08007a70       0x50 build/obj/stm32_dma.o
                0x08007a70                Vector12C
 .text.Vector130
                0x08007ac0       0x4c build/obj/stm32_dma.o
                0x08007ac0                Vector130
 *fill*         0x08007b0c        0x4 
 .text.Vector150
                0x08007b10       0x50 build/obj/stm32_dma.o
                0x08007b10                Vector150
 .text.Vector154
                0x08007b60       0x50 build/obj/stm32_dma.o
                0x08007b60                Vector154
 .text.Vector158
                0x08007bb0       0x50 build/obj/stm32_dma.o
                0x08007bb0                Vector158
 .text.dmaInit  0x08007c00       0x6c build/obj/stm32_dma.o
                0x08007c00                dmaInit
 *fill*         0x08007c6c        0x4 
 .text.dmaStreamAllocate
                0x08007c70       0xd0 build/obj/stm32_dma.o
                0x08007c70                dmaStreamAllocate
 .text.dmaStreamRelease
                0x08007d40       0x80 build/obj/stm32_dma.o
                0x08007d40                dmaStreamRelease
 .text.hal_lld_init
                0x08007dc0       0x80 build/obj/hal_lld.o
                0x08007dc0                hal_lld_init
 .text.stm32_clock_init
                0x08007e40       0xf8 build/obj/hal_lld.o
                0x08007e40                stm32_clock_init
 *fill*         0x08007f38        0x8 
 .text.adc_lld_init
                0x08007f40       0x98 build/obj/adc_lld.o
                0x08007f40                adc_lld_init
 *fill*         0x08007fd8        0x8 
 .text.adc_lld_start
                0x08007fe0      0x100 build/obj/adc_lld.o
                0x08007fe0                adc_lld_start
 .text.adc_lld_start_conversion
                0x080080e0       0xbc build/obj/adc_lld.o
                0x080080e0                adc_lld_start_conversion
 *fill*         0x0800819c        0x4 
 .text.adc_lld_stop_conversion
                0x080081a0       0x50 build/obj/adc_lld.o
                0x080081a0                adc_lld_stop_conversion
 .text.Vector88
                0x080081f0      0x188 build/obj/adc_lld.o
                0x080081f0                Vector88
 *fill*         0x08008378        0x8 
 .text.adc_lld_serve_rx_interrupt
                0x08008380      0x128 build/obj/adc_lld.o
 *fill*         0x080084a8        0x8 
 .text.Vector58
                0x080084b0       0x48 build/obj/ext_lld_isr.o
                0x080084b0                Vector58
 *fill*         0x080084f8        0x8 
 .text.Vector5C
                0x08008500       0x48 build/obj/ext_lld_isr.o
                0x08008500                Vector5C
 *fill*         0x08008548        0x8 
 .text.Vector60
                0x08008550       0x48 build/obj/ext_lld_isr.o
                0x08008550                Vector60
 *fill*         0x08008598        0x8 
 .text.Vector64
                0x080085a0       0x48 build/obj/ext_lld_isr.o
                0x080085a0                Vector64
 *fill*         0x080085e8        0x8 
 .text.Vector68
                0x080085f0       0x48 build/obj/ext_lld_isr.o
                0x080085f0                Vector68
 *fill*         0x08008638        0x8 
 .text.Vector9C
                0x08008640       0x88 build/obj/ext_lld_isr.o
                0x08008640                Vector9C
 *fill*         0x080086c8        0x8 
 .text.VectorE0
                0x080086d0       0x98 build/obj/ext_lld_isr.o
                0x080086d0                VectorE0
 *fill*         0x08008768        0x8 
 .text.Vector44
                0x08008770       0x4c build/obj/ext_lld_isr.o
                0x08008770                Vector44
 *fill*         0x080087bc        0x4 
 .text.VectorE4
                0x080087c0       0x4c build/obj/ext_lld_isr.o
                0x080087c0                VectorE4
 *fill*         0x0800880c        0x4 
 .text.VectorE8
                0x08008810       0x4c build/obj/ext_lld_isr.o
                0x08008810                VectorE8
 *fill*         0x0800885c        0x4 
 .text.Vector138
                0x08008860       0x4c build/obj/ext_lld_isr.o
                0x08008860                Vector138
 *fill*         0x080088ac        0x4 
 .text.Vector170
                0x080088b0       0x4c build/obj/ext_lld_isr.o
                0x080088b0                Vector170
 *fill*         0x080088fc        0x4 
 .text.Vector48
                0x08008900       0x4c build/obj/ext_lld_isr.o
                0x08008900                Vector48
 *fill*         0x0800894c        0x4 
 .text.Vector4C
                0x08008950       0x4c build/obj/ext_lld_isr.o
                0x08008950                Vector4C
 *fill*         0x0800899c        0x4 
 .text.can_lld_set_filters
                0x080089a0      0x144 build/obj/can_lld.o
 *fill*         0x08008ae4        0xc 
 .text.Vector8C
                0x08008af0       0x70 build/obj/can_lld.o
                0x08008af0                Vector8C
 .text.Vector90
                0x08008b60       0xac build/obj/can_lld.o
                0x08008b60                Vector90
 *fill*         0x08008c0c        0x4 
 .text.Vector94
                0x08008c10       0xac build/obj/can_lld.o
                0x08008c10                Vector94
 *fill*         0x08008cbc        0x4 
 .text.Vector98
                0x08008cc0       0xc0 build/obj/can_lld.o
                0x08008cc0                Vector98
 .text.can_lld_init
                0x08008d80       0x40 build/obj/can_lld.o
                0x08008d80                can_lld_init
 .text.ext_lld_init
                0x08008dc0       0x2c build/obj/ext_lld.o
                0x08008dc0                ext_lld_init
 *fill*         0x08008dec        0x4 
 .text.sdc_lld_collect_errors.isra.0
                0x08008df0       0x58 build/obj/sdc_lld.o
 *fill*         0x08008e48        0x8 
 .text.Vector104
                0x08008e50       0x60 build/obj/sdc_lld.o
                0x08008e50                Vector104
 .text.sdc_lld_init
                0x08008eb0       0x40 build/obj/sdc_lld.o
                0x08008eb0                sdc_lld_init
 .text.sdc_lld_start_clk
                0x08008ef0       0x40 build/obj/sdc_lld.o
                0x08008ef0                sdc_lld_start_clk
 .text.sdc_lld_set_data_clk
                0x08008f30       0x2c build/obj/sdc_lld.o
                0x08008f30                sdc_lld_set_data_clk
 *fill*         0x08008f5c        0x4 
 .text.sdc_lld_stop_clk
                0x08008f60       0x2c build/obj/sdc_lld.o
                0x08008f60                sdc_lld_stop_clk
 *fill*         0x08008f8c        0x4 
 .text.sdc_lld_set_bus_mode
                0x08008f90       0x44 build/obj/sdc_lld.o
                0x08008f90                sdc_lld_set_bus_mode
 *fill*         0x08008fd4        0xc 
 .text.sdc_lld_send_cmd_none
                0x08008fe0       0x38 build/obj/sdc_lld.o
                0x08008fe0                sdc_lld_send_cmd_none
 *fill*         0x08009018        0x8 
 .text.sdc_lld_send_cmd_short
                0x08009020       0x50 build/obj/sdc_lld.o
                0x08009020                sdc_lld_send_cmd_short
 .text.sdc_lld_send_cmd_short_crc
                0x08009070       0x50 build/obj/sdc_lld.o
                0x08009070                sdc_lld_send_cmd_short_crc
 .text.sdc_lld_wait_transaction_end
                0x080090c0       0xfc build/obj/sdc_lld.o
 *fill*         0x080091bc        0x4 
 .text.sdc_lld_error_cleanup
                0x080091c0       0x98 build/obj/sdc_lld.o
 *fill*         0x08009258        0x8 
 .text.sdc_lld_send_cmd_long_crc
                0x08009260       0x60 build/obj/sdc_lld.o
                0x08009260                sdc_lld_send_cmd_long_crc
 .text.sdc_lld_read_special
                0x080092c0       0xd4 build/obj/sdc_lld.o
                0x080092c0                sdc_lld_read_special
 *fill*         0x08009394        0xc 
 .text.sdc_lld_read_aligned
                0x080093a0       0xe4 build/obj/sdc_lld.o
                0x080093a0                sdc_lld_read_aligned
 *fill*         0x08009484        0xc 
 .text.sdc_lld_write_aligned
                0x08009490       0xe8 build/obj/sdc_lld.o
                0x08009490                sdc_lld_write_aligned
 *fill*         0x08009578        0x8 
 .text.sdc_lld_read
                0x08009580       0x80 build/obj/sdc_lld.o
                0x08009580                sdc_lld_read
 .text.sdc_lld_write
                0x08009600       0x80 build/obj/sdc_lld.o
                0x08009600                sdc_lld_write
 .text.sdc_lld_sync
                0x08009680       0x24 build/obj/sdc_lld.o
                0x08009680                sdc_lld_sync
 *fill*         0x080096a4        0xc 
 .text.dac_lld_init
                0x080096b0       0x34 build/obj/dac_lld.o
                0x080096b0                dac_lld_init
 *fill*         0x080096e4        0xc 
 .text._pal_lld_init
                0x080096f0      0x1d0 build/obj/pal_lld.o
                0x080096f0                _pal_lld_init
 .text._pal_lld_setgroupmode
                0x080098c0       0xbc build/obj/pal_lld.o
                0x080098c0                _pal_lld_setgroupmode
 *fill*         0x0800997c        0x4 
 .text.i2c_lld_serve_tx_end_irq
                0x08009980       0x5c build/obj/i2c_lld.o
 *fill*         0x080099dc        0x4 
 .text.i2c_lld_serve_rx_end_irq
                0x080099e0       0x94 build/obj/i2c_lld.o
 *fill*         0x08009a74        0xc 
 .text.VectorBC
                0x08009a80      0x134 build/obj/i2c_lld.o
                0x08009a80                VectorBC
 *fill*         0x08009bb4        0xc 
 .text.VectorC0
                0x08009bc0      0x120 build/obj/i2c_lld.o
                0x08009bc0                VectorC0
 .text.i2c_lld_init
                0x08009ce0       0x44 build/obj/i2c_lld.o
                0x08009ce0                i2c_lld_init
 *fill*         0x08009d24        0xc 
 .text.i2c_lld_start
                0x08009d30      0x278 build/obj/i2c_lld.o
                0x08009d30                i2c_lld_start
 *fill*         0x08009fa8        0x8 
 .text.i2c_lld_stop
                0x08009fb0       0xa8 build/obj/i2c_lld.o
                0x08009fb0                i2c_lld_stop
 *fill*         0x0800a058        0x8 
 .text.i2c_lld_master_transmit_timeout
                0x0800a060      0x124 build/obj/i2c_lld.o
                0x0800a060                i2c_lld_master_transmit_timeout
 *fill*         0x0800a184        0xc 
 .text.otg_disable_ep.isra.0
                0x0800a190       0x98 build/obj/usb_lld.o
 *fill*         0x0800a228        0x8 
 .text.usb_lld_pump
                0x0800a230      0x4b8 build/obj/usb_lld.o
                0x0800a230                usb_lld_pump
 *fill*         0x0800a6e8        0x8 
 .text.usb_lld_init
                0x0800a6f0       0x5c build/obj/usb_lld.o
                0x0800a6f0                usb_lld_init
 *fill*         0x0800a74c        0x4 
 .text.usb_lld_start
                0x0800a750      0x110 build/obj/usb_lld.o
                0x0800a750                usb_lld_start
 .text.usb_lld_reset
                0x0800a860       0xe8 build/obj/usb_lld.o
                0x0800a860                usb_lld_reset
 *fill*         0x0800a948        0x8 
 .text.usb_lld_set_address
                0x0800a950       0x38 build/obj/usb_lld.o
                0x0800a950                usb_lld_set_address
 *fill*         0x0800a988        0x8 
 .text.usb_lld_init_endpoint
                0x0800a990      0x1a0 build/obj/usb_lld.o
                0x0800a990                usb_lld_init_endpoint
 .text.usb_lld_get_status_out
                0x0800ab30       0x38 build/obj/usb_lld.o
                0x0800ab30                usb_lld_get_status_out
 *fill*         0x0800ab68        0x8 
 .text.usb_lld_get_status_in
                0x0800ab70       0x38 build/obj/usb_lld.o
                0x0800ab70                usb_lld_get_status_in
 *fill*         0x0800aba8        0x8 
 .text.usb_lld_read_setup
                0x0800abb0       0x30 build/obj/usb_lld.o
                0x0800abb0                usb_lld_read_setup
 .text.usb_lld_prepare_receive
                0x0800abe0       0x5c build/obj/usb_lld.o
                0x0800abe0                usb_lld_prepare_receive
 *fill*         0x0800ac3c        0x4 
 .text.otg_epout_handler.constprop.7
                0x0800ac40       0xd4 build/obj/usb_lld.o
 *fill*         0x0800ad14        0xc 
 .text.usb_lld_prepare_transmit
                0x0800ad20       0x64 build/obj/usb_lld.o
                0x0800ad20                usb_lld_prepare_transmit
 *fill*         0x0800ad84        0xc 
 .text.otg_epin_handler.constprop.8
                0x0800ad90      0x10c build/obj/usb_lld.o
 *fill*         0x0800ae9c        0x4 
 .text.Vector14C
                0x0800aea0      0x124 build/obj/usb_lld.o
                0x0800aea0                Vector14C
 *fill*         0x0800afc4        0xc 
 .text.usb_lld_start_out
                0x0800afd0       0x34 build/obj/usb_lld.o
                0x0800afd0                usb_lld_start_out
 *fill*         0x0800b004        0xc 
 .text.usb_lld_start_in
                0x0800b010       0x44 build/obj/usb_lld.o
                0x0800b010                usb_lld_start_in
 *fill*         0x0800b054        0xc 
 .text.usb_lld_stall_out
                0x0800b060       0x34 build/obj/usb_lld.o
                0x0800b060                usb_lld_stall_out
 *fill*         0x0800b094        0xc 
 .text.usb_lld_stall_in
                0x0800b0a0       0x34 build/obj/usb_lld.o
                0x0800b0a0                usb_lld_stall_in
 *fill*         0x0800b0d4        0xc 
 .text.usb_lld_clear_out
                0x0800b0e0       0x34 build/obj/usb_lld.o
                0x0800b0e0                usb_lld_clear_out
 *fill*         0x0800b114        0xc 
 .text.usb_lld_clear_in
                0x0800b120       0x34 build/obj/usb_lld.o
                0x0800b120                usb_lld_clear_in
 *fill*         0x0800b154        0xc 
 .text.i2s_lld_init
                0x0800b160       0x50 build/obj/i2s_lld.o
                0x0800b160                i2s_lld_init
 .text.spi_lld_init
                0x0800b1b0       0x5c build/obj/spi_lld.o
                0x0800b1b0                spi_lld_init
 *fill*         0x0800b20c        0x4 
 .text.gpt_lld_serve_interrupt
                0x0800b210       0x48 build/obj/gpt_lld.o
 *fill*         0x0800b258        0x8 
 .text.Vector118
                0x0800b260       0x3c build/obj/gpt_lld.o
                0x0800b260                Vector118
 *fill*         0x0800b29c        0x4 
 .text.VectorA8
                0x0800b2a0       0x3c build/obj/gpt_lld.o
                0x0800b2a0                VectorA8
 *fill*         0x0800b2dc        0x4 
 .text.VectorEC
                0x0800b2e0       0x3c build/obj/gpt_lld.o
                0x0800b2e0                VectorEC
 *fill*         0x0800b31c        0x4 
 .text.gpt_lld_init
                0x0800b320       0x58 build/obj/gpt_lld.o
                0x0800b320                gpt_lld_init
 *fill*         0x0800b378        0x8 
 .text.pwm_lld_serve_interrupt
                0x0800b380       0x80 build/obj/pwm_lld.o
 .text.VectorB0
                0x0800b400       0x3c build/obj/pwm_lld.o
                0x0800b400                VectorB0
 *fill*         0x0800b43c        0x4 
 .text.VectorB4
                0x0800b440       0x3c build/obj/pwm_lld.o
                0x0800b440                VectorB4
 *fill*         0x0800b47c        0x4 
 .text.VectorB8
                0x0800b480       0x3c build/obj/pwm_lld.o
                0x0800b480                VectorB8
 *fill*         0x0800b4bc        0x4 
 .text.Vector108
                0x0800b4c0       0x3c build/obj/pwm_lld.o
                0x0800b4c0                Vector108
 *fill*         0x0800b4fc        0x4 
 .text.pwm_lld_init
                0x0800b500       0x80 build/obj/pwm_lld.o
                0x0800b500                pwm_lld_init
 .text.pwm_lld_start
                0x0800b580      0x1d0 build/obj/pwm_lld.o
                0x0800b580                pwm_lld_start
 .text.pwm_lld_enable_channel
                0x0800b750       0x2c build/obj/pwm_lld.o
                0x0800b750                pwm_lld_enable_channel
 *fill*         0x0800b77c        0x4 
 .text.pwm_lld_disable_channel
                0x0800b780       0x3c build/obj/pwm_lld.o
                0x0800b780                pwm_lld_disable_channel
 *fill*         0x0800b7bc        0x4 
 .text.pwm_lld_enable_periodic_notification
                0x0800b7c0       0x38 build/obj/pwm_lld.o
                0x0800b7c0                pwm_lld_enable_periodic_notification
 *fill*         0x0800b7f8        0x8 
 .text.pwm_lld_enable_channel_notification
                0x0800b800       0x38 build/obj/pwm_lld.o
                0x0800b800                pwm_lld_enable_channel_notification
 *fill*         0x0800b838        0x8 
 .text.SysTick_Handler
                0x0800b840       0x50 build/obj/st_lld.o
                0x0800b840                SysTick_Handler
 .text.st_lld_init
                0x0800b890       0x40 build/obj/st_lld.o
                0x0800b890                st_lld_init
 .text.notify3  0x0800b8d0       0x30 build/obj/serial_lld.o
 .text.VectorDC
                0x0800b900      0x19c build/obj/serial_lld.o
                0x0800b900                VectorDC
 *fill*         0x0800ba9c        0x4 
 .text.sd_lld_init
                0x0800baa0       0x3c build/obj/serial_lld.o
                0x0800baa0                sd_lld_init
 *fill*         0x0800badc        0x4 
 .text.sd_lld_start
                0x0800bae0       0xac build/obj/serial_lld.o
                0x0800bae0                sd_lld_start
 *fill*         0x0800bb8c        0x4 
 .text.__early_init
                0x0800bb90       0x24 build/obj/board.o
                0x0800bb90                __early_init
 *fill*         0x0800bbb4        0xc 
 .text.sdc_lld_is_card_inserted
                0x0800bbc0       0x30 build/obj/board.o
                0x0800bbc0                sdc_lld_is_card_inserted
 .text.sdc_lld_is_write_protected
                0x0800bbf0       0x24 build/obj/board.o
                0x0800bbf0                sdc_lld_is_write_protected
 *fill*         0x0800bc14        0xc 
 .text.boardInit
                0x0800bc20       0x20 build/obj/board.o
                0x0800bc20                boardInit
 .text.chvprintf
                0x0800bc40      0x5a8 build/obj/chprintf.o
                0x0800bc40                chvprintf
 *fill*         0x0800c1e8        0x8 
 .text._malloc_r
                0x0800c1f0      0x548 c:/program files/eclipse_e-puck2/tools/gcc-arm-none-eabi-7-2017-q4-major-win32/bin/../lib/gcc/arm-none-eabi/7.2.1/../../../../arm-none-eabi/lib/thumb/v7e-m/fpv4-sp/hard\libg.a(lib_a-mallocr.o)
                0x0800c1f0                _malloc_r
 *fill*         0x0800c738        0x8 
 .text.__ascii_mbtowc
                0x0800c740       0x2c c:/program files/eclipse_e-puck2/tools/gcc-arm-none-eabi-7-2017-q4-major-win32/bin/../lib/gcc/arm-none-eabi/7.2.1/../../../../arm-none-eabi/lib/thumb/v7e-m/fpv4-sp/hard\libg.a(lib_a-mbtowc_r.o)
                0x0800c740                __ascii_mbtowc
 *fill*         0x0800c76c        0x4 
 .text.memset   0x0800c770       0x94 c:/program files/eclipse_e-puck2/tools/gcc-arm-none-eabi-7-2017-q4-major-win32/bin/../lib/gcc/arm-none-eabi/7.2.1/../../../../arm-none-eabi/lib/thumb/v7e-m/fpv4-sp/hard\libg.a(lib_a-memset.o)
                0x0800c770                memset
 *fill*         0x0800c804        0xc 
 .text.snprintf
                0x0800c810       0x90 c:/program files/eclipse_e-puck2/tools/gcc-arm-none-eabi-7-2017-q4-major-win32/bin/../lib/gcc/arm-none-eabi/7.2.1/../../../../arm-none-eabi/lib/thumb/v7e-m/fpv4-sp/hard\libg.a(lib_a-snprintf.o)
                0x0800c810                snprintf
 .text.strncpy  0x0800c8a0       0x64 c:/program files/eclipse_e-puck2/tools/gcc-arm-none-eabi-7-2017-q4-major-win32/bin/../lib/gcc/arm-none-eabi/7.2.1/../../../../arm-none-eabi/lib/thumb/v7e-m/fpv4-sp/hard\libg.a(lib_a-strncpy.o)
                0x0800c8a0                strncpy
 *fill*         0x0800c904        0xc 
 .text._svfprintf_r
                0x0800c910     0x144c c:/program files/eclipse_e-puck2/tools/gcc-arm-none-eabi-7-2017-q4-major-win32/bin/../lib/gcc/arm-none-eabi/7.2.1/../../../../arm-none-eabi/lib/thumb/v7e-m/fpv4-sp/hard\libg.a(lib_a-svfprintf.o)
                0x0800c910                _svfprintf_r
 *fill*         0x0800dd5c        0x4 
 .text.__ascii_wctomb
                0x0800dd60       0x1c c:/program files/eclipse_e-puck2/tools/gcc-arm-none-eabi-7-2017-q4-major-win32/bin/../lib/gcc/arm-none-eabi/7.2.1/../../../../arm-none-eabi/lib/thumb/v7e-m/fpv4-sp/hard\libg.a(lib_a-wctomb_r.o)
                0x0800dd60                __ascii_wctomb
 *fill*         0x0800dd7c        0x4 
 .text.quorem   0x0800dd80      0x124 c:/program files/eclipse_e-puck2/tools/gcc-arm-none-eabi-7-2017-q4-major-win32/bin/../lib/gcc/arm-none-eabi/7.2.1/../../../../arm-none-eabi/lib/thumb/v7e-m/fpv4-sp/hard\libg.a(lib_a-dtoa.o)
 *fill*         0x0800dea4        0xc 
 .text._dtoa_r  0x0800deb0      0xe28 c:/program files/eclipse_e-puck2/tools/gcc-arm-none-eabi-7-2017-q4-major-win32/bin/../lib/gcc/arm-none-eabi/7.2.1/../../../../arm-none-eabi/lib/thumb/v7e-m/fpv4-sp/hard\libg.a(lib_a-dtoa.o)
                0x0800deb0                _dtoa_r
 *fill*         0x0800ecd8        0x8 
 .text._malloc_trim_r
                0x0800ece0       0xa0 c:/program files/eclipse_e-puck2/tools/gcc-arm-none-eabi-7-2017-q4-major-win32/bin/../lib/gcc/arm-none-eabi/7.2.1/../../../../arm-none-eabi/lib/thumb/v7e-m/fpv4-sp/hard\libg.a(lib_a-freer.o)
                0x0800ece0                _malloc_trim_r
 .text._free_r  0x0800ed80      0x1e8 c:/program files/eclipse_e-puck2/tools/gcc-arm-none-eabi-7-2017-q4-major-win32/bin/../lib/gcc/arm-none-eabi/7.2.1/../../../../arm-none-eabi/lib/thumb/v7e-m/fpv4-sp/hard\libg.a(lib_a-freer.o)
                0x0800ed80                _free_r
 *fill*         0x0800ef68        0x8 
 .text._localeconv_r
                0x0800ef70       0x1c c:/program files/eclipse_e-puck2/tools/gcc-arm-none-eabi-7-2017-q4-major-win32/bin/../lib/gcc/arm-none-eabi/7.2.1/../../../../arm-none-eabi/lib/thumb/v7e-m/fpv4-sp/hard\libg.a(lib_a-localeconv.o)
                0x0800ef70                _localeconv_r
 *fill*         0x0800ef8c        0x4 
 .text._Balloc  0x0800ef90       0x4c c:/program files/eclipse_e-puck2/tools/gcc-arm-none-eabi-7-2017-q4-major-win32/bin/../lib/gcc/arm-none-eabi/7.2.1/../../../../arm-none-eabi/lib/thumb/v7e-m/fpv4-sp/hard\libg.a(lib_a-mprec.o)
                0x0800ef90                _Balloc
 *fill*         0x0800efdc        0x4 
 .text._Bfree   0x0800efe0       0x14 c:/program files/eclipse_e-puck2/tools/gcc-arm-none-eabi-7-2017-q4-major-win32/bin/../lib/gcc/arm-none-eabi/7.2.1/../../../../arm-none-eabi/lib/thumb/v7e-m/fpv4-sp/hard\libg.a(lib_a-mprec.o)
                0x0800efe0                _Bfree
 *fill*         0x0800eff4        0xc 
 .text.__multadd
                0x0800f000       0x80 c:/program files/eclipse_e-puck2/tools/gcc-arm-none-eabi-7-2017-q4-major-win32/bin/../lib/gcc/arm-none-eabi/7.2.1/../../../../arm-none-eabi/lib/thumb/v7e-m/fpv4-sp/hard\libg.a(lib_a-mprec.o)
                0x0800f000                __multadd
 .text.__hi0bits
                0x0800f080       0x40 c:/program files/eclipse_e-puck2/tools/gcc-arm-none-eabi-7-2017-q4-major-win32/bin/../lib/gcc/arm-none-eabi/7.2.1/../../../../arm-none-eabi/lib/thumb/v7e-m/fpv4-sp/hard\libg.a(lib_a-mprec.o)
                0x0800f080                __hi0bits
 .text.__lo0bits
                0x0800f0c0       0x60 c:/program files/eclipse_e-puck2/tools/gcc-arm-none-eabi-7-2017-q4-major-win32/bin/../lib/gcc/arm-none-eabi/7.2.1/../../../../arm-none-eabi/lib/thumb/v7e-m/fpv4-sp/hard\libg.a(lib_a-mprec.o)
                0x0800f0c0                __lo0bits
 .text.__i2b    0x0800f120       0x14 c:/program files/eclipse_e-puck2/tools/gcc-arm-none-eabi-7-2017-q4-major-win32/bin/../lib/gcc/arm-none-eabi/7.2.1/../../../../arm-none-eabi/lib/thumb/v7e-m/fpv4-sp/hard\libg.a(lib_a-mprec.o)
                0x0800f120                __i2b
 *fill*         0x0800f134        0xc 
 .text.__multiply
                0x0800f140      0x14c c:/program files/eclipse_e-puck2/tools/gcc-arm-none-eabi-7-2017-q4-major-win32/bin/../lib/gcc/arm-none-eabi/7.2.1/../../../../arm-none-eabi/lib/thumb/v7e-m/fpv4-sp/hard\libg.a(lib_a-mprec.o)
                0x0800f140                __multiply
 *fill*         0x0800f28c        0x4 
 .text.__pow5mult
                0x0800f290       0xa0 c:/program files/eclipse_e-puck2/tools/gcc-arm-none-eabi-7-2017-q4-major-win32/bin/../lib/gcc/arm-none-eabi/7.2.1/../../../../arm-none-eabi/lib/thumb/v7e-m/fpv4-sp/hard\libg.a(lib_a-mprec.o)
                0x0800f290                __pow5mult
 .text.__lshift
                0x0800f330       0xac c:/program files/eclipse_e-puck2/tools/gcc-arm-none-eabi-7-2017-q4-major-win32/bin/../lib/gcc/arm-none-eabi/7.2.1/../../../../arm-none-eabi/lib/thumb/v7e-m/fpv4-sp/hard\libg.a(lib_a-mprec.o)
                0x0800f330                __lshift
 *fill*         0x0800f3dc        0x4 
 .text.__mcmp   0x0800f3e0       0x38 c:/program files/eclipse_e-puck2/tools/gcc-arm-none-eabi-7-2017-q4-major-win32/bin/../lib/gcc/arm-none-eabi/7.2.1/../../../../arm-none-eabi/lib/thumb/v7e-m/fpv4-sp/hard\libg.a(lib_a-mprec.o)
                0x0800f3e0                __mcmp
 *fill*         0x0800f418        0x8 
 .text.__mdiff  0x0800f420       0xec c:/program files/eclipse_e-puck2/tools/gcc-arm-none-eabi-7-2017-q4-major-win32/bin/../lib/gcc/arm-none-eabi/7.2.1/../../../../arm-none-eabi/lib/thumb/v7e-m/fpv4-sp/hard\libg.a(lib_a-mprec.o)
                0x0800f420                __mdiff
 *fill*         0x0800f50c        0x4 
 .text.__d2b    0x0800f510       0xc4 c:/program files/eclipse_e-puck2/tools/gcc-arm-none-eabi-7-2017-q4-major-win32/bin/../lib/gcc/arm-none-eabi/7.2.1/../../../../arm-none-eabi/lib/thumb/v7e-m/fpv4-sp/hard\libg.a(lib_a-mprec.o)
                0x0800f510                __d2b
 *fill*         0x0800f5d4        0xc 
 .text.__ssprint_r
                0x0800f5e0       0xf4 c:/program files/eclipse_e-puck2/tools/gcc-arm-none-eabi-7-2017-q4-major-win32/bin/../lib/gcc/arm-none-eabi/7.2.1/../../../../arm-none-eabi/lib/thumb/v7e-m/fpv4-sp/hard\libg.a(lib_a-svfiprintf.o)
                0x0800f5e0                __ssprint_r
 *fill*         0x0800f6d4        0xc 
 .text._calloc_r
                0x0800f6e0       0x68 c:/program files/eclipse_e-puck2/tools/gcc-arm-none-eabi-7-2017-q4-major-win32/bin/../lib/gcc/arm-none-eabi/7.2.1/../../../../arm-none-eabi/lib/thumb/v7e-m/fpv4-sp/hard\libg.a(lib_a-callocr.o)
                0x0800f6e0                _calloc_r
 *fill*         0x0800f748        0x8 
 .text.memmove  0x0800f750       0xc8 c:/program files/eclipse_e-puck2/tools/gcc-arm-none-eabi-7-2017-q4-major-win32/bin/../lib/gcc/arm-none-eabi/7.2.1/../../../../arm-none-eabi/lib/thumb/v7e-m/fpv4-sp/hard\libg.a(lib_a-memmove.o)
                0x0800f750                memmove
 *fill*         0x0800f818        0x8 
 .text._realloc_r
                0x0800f820      0x35c c:/program files/eclipse_e-puck2/tools/gcc-arm-none-eabi-7-2017-q4-major-win32/bin/../lib/gcc/arm-none-eabi/7.2.1/../../../../arm-none-eabi/lib/thumb/v7e-m/fpv4-sp/hard\libg.a(lib_a-reallocr.o)
                0x0800f820                _realloc_r
 *(.rodata)
 *(.rodata.*)
 *fill*         0x0800fb7c        0x4 
 .rodata.__stack_chk_fail.str1.4
                0x0800fb80       0x18 build/obj/main.o
 *fill*         0x0800fb98        0x8 
 .rodata.chprintf.constprop.0.str1.4
                0x0800fba0       0x14 build/obj/main.o
 *fill*         0x0800fbb4        0xc 
 .rodata.i2c_cfg1.9863
                0x0800fbc0        0xc build/obj/i2c_bus.o
 *fill*         0x0800fbcc        0x4 
 .rodata.MemManage_Handler.str1.4
                0x0800fbd0       0x56 build/obj/memory_protection.o
 *fill*         0x0800fc26        0xa 
 .rodata.__func__.11596
                0x0800fc30       0x15 build/obj/memory_protection.o
 *fill*         0x0800fc45        0xb 
 .rodata.__func__.8875
                0x0800fc50        0xc build/obj/memory_protection.o
 *fill*         0x0800fc5c        0x4 
 .rodata.pwmcfg_left_motor.9971
                0x0800fc60       0x34 build/obj/motors.o
 *fill*         0x0800fc94        0xc 
 .rodata.pwmcfg_right_motor.9970
                0x0800fca0       0x34 build/obj/motors.o
 *fill*         0x0800fcd4        0xc 
 .rodata.step_halt
                0x0800fce0        0x4 build/obj/motors.o
 *fill*         0x0800fce4        0xc 
 .rodata.step_table
                0x0800fcf0       0x20 build/obj/motors.o
 .rodata.__FUNCTION__.11427
                0x0800fd10        0xf build/obj/imu.o
 *fill*         0x0800fd1f        0x1 
 .rodata.__func__.7153
                0x0800fd20        0xc build/obj/imu.o
 *fill*         0x0800fd2c        0x4 
 .rodata.imu_reader_thd.str1.4
                0x0800fd30        0x5 build/obj/imu.o
 *fill*         0x0800fd35        0xb 
 .rodata.__FUNCTION__.12261
                0x0800fd40        0xe build/obj/proximity.o
 *fill*         0x0800fd4e        0x2 
 .rodata.adcgrpcfg2
                0x0800fd50       0x28 build/obj/proximity.o
 *fill*         0x0800fd78        0x8 
 .rodata.proximity_thd.str1.4
                0x0800fd80        0xb build/obj/proximity.o
 *fill*         0x0800fd8b        0x5 
 .rodata.pwmcfg_proximity.12300
                0x0800fd90       0x34 build/obj/proximity.o
 *fill*         0x0800fdc4        0xc 
 .rodata.ep1config
                0x0800fdd0       0x24 build/obj/usbcfg.o
 *fill*         0x0800fdf4        0xc 
 .rodata.ep2config
                0x0800fe00       0x24 build/obj/usbcfg.o
 *fill*         0x0800fe24        0xc 
 .rodata.serusbcfg
                0x0800fe30        0x8 build/obj/usbcfg.o
                0x0800fe30                serusbcfg
 *fill*         0x0800fe38        0x8 
 .rodata.usbcfg
                0x0800fe40       0x10 build/obj/usbcfg.o
                0x0800fe40                usbcfg
 .rodata.vcom_configuration_descriptor
                0x0800fe50        0x8 build/obj/usbcfg.o
 *fill*         0x0800fe58        0x8 
 .rodata.vcom_configuration_descriptor_data
                0x0800fe60       0x43 build/obj/usbcfg.o
 *fill*         0x0800fea3        0xd 
 .rodata.vcom_device_descriptor
                0x0800feb0        0x8 build/obj/usbcfg.o
 *fill*         0x0800feb8        0x8 
 .rodata.vcom_device_descriptor_data
                0x0800fec0       0x12 build/obj/usbcfg.o
 *fill*         0x0800fed2        0xe 
 .rodata.vcom_string0
                0x0800fee0        0x4 build/obj/usbcfg.o
 *fill*         0x0800fee4        0xc 
 .rodata.vcom_string1
                0x0800fef0       0x26 build/obj/usbcfg.o
 *fill*         0x0800ff16        0xa 
 .rodata.vcom_string2
                0x0800ff20       0x24 build/obj/usbcfg.o
 *fill*         0x0800ff44        0xc 
 .rodata.vcom_string3
                0x0800ff50        0x8 build/obj/usbcfg.o
 *fill*         0x0800ff58        0x8 
 .rodata.vcom_strings
                0x0800ff60       0x20 build/obj/usbcfg.o
 .rodata.__func__.10924
                0x0800ff80        0x8 build/obj/newlib_syscalls.o
 *fill*         0x0800ff88        0x8 
 .rodata._unhandled_exception.str1.4
                0x0800ff90       0x14 build/obj/vectors.o
 *fill*         0x0800ffa4        0xc 
 .rodata.chSysInit.str1.4
                0x0800ffb0        0x5 build/obj/chsys.o
 *fill*         0x0800ffb5        0xb 
 .rodata._dbg_check_enable.str1.4
                0x0800ffc0        0x5 build/obj/chdebug.o
 *fill*         0x0800ffc5        0xb 
 .rodata._dbg_check_enter_isr.str1.4
                0x0800ffd0        0x5 build/obj/chdebug.o
 *fill*         0x0800ffd5        0xb 
 .rodata._dbg_check_leave_isr.str1.4
                0x0800ffe0        0x5 build/obj/chdebug.o
 *fill*         0x0800ffe5        0xb 
 .rodata._dbg_check_lock.str1.4
                0x0800fff0        0x5 build/obj/chdebug.o
 *fill*         0x0800fff5        0xb 
 .rodata._dbg_check_lock_from_isr.str1.4
                0x08010000        0x5 build/obj/chdebug.o
 *fill*         0x08010005        0xb 
 .rodata._dbg_check_unlock.str1.4
                0x08010010        0x5 build/obj/chdebug.o
 *fill*         0x08010015        0xb 
 .rodata._dbg_check_unlock_from_isr.str1.4
                0x08010020        0x5 build/obj/chdebug.o
 *fill*         0x08010025        0xb 
 .rodata.chDbgCheckClassI.str1.4
                0x08010030        0x6 build/obj/chdebug.o
 *fill*         0x08010036        0xa 
 .rodata.chDbgCheckClassS.str1.4
                0x08010040        0x6 build/obj/chdebug.o
 *fill*         0x08010046        0xa 
 .rodata.__func__.7857
                0x08010050        0xb build/obj/chvt.o
 *fill*         0x0801005b        0x5 
 .rodata.__func__.7864
                0x08010060        0xd build/obj/chvt.o
 *fill*         0x0801006d        0x3 
 .rodata.__func__.7854
                0x08010070        0xc build/obj/chschd.o
 *fill*         0x0801007c        0x4 
 .rodata.chSchGoSleepS.str1.4
                0x08010080        0xf build/obj/chschd.o
 *fill*         0x0801008f        0x1 
 .rodata.__func__.7153
                0x08010090        0xc build/obj/chthreads.o
 *fill*         0x0801009c        0x4 
 .rodata.__func__.7324
                0x080100a0        0xc build/obj/chthreads.o
 *fill*         0x080100ac        0x4 
 .rodata.__func__.7336
                0x080100b0       0x14 build/obj/chthreads.o
 *fill*         0x080100c4        0xc 
 .rodata.__func__.7866
                0x080100d0        0xd build/obj/chthreads.o
 *fill*         0x080100dd        0x3 
 .rodata.__func__.7910
                0x080100e0        0xb build/obj/chthreads.o
 *fill*         0x080100eb        0x5 
 .rodata.__func__.7920
                0x080100f0        0xe build/obj/chthreads.o
 *fill*         0x080100fe        0x2 
 .rodata.__func__.7926
                0x08010100       0x15 build/obj/chthreads.o
 *fill*         0x08010115        0xb 
 .rodata.__func__.7932
                0x08010120        0xd build/obj/chthreads.o
 *fill*         0x0801012d        0x3 
 .rodata.ch_debug
                0x08010130       0x16 build/obj/chregistry.o
                0x08010130                ch_debug
 *fill*         0x08010146        0xa 
 .rodata.__func__.7153
                0x08010150        0xc build/obj/chsem.o
 *fill*         0x0801015c        0x4 
 .rodata.__func__.7871
                0x08010160        0xb build/obj/chsem.o
 *fill*         0x0801016b        0x5 
 .rodata.__func__.7889
                0x08010170        0xd build/obj/chsem.o
 *fill*         0x0801017d        0x3 
 .rodata.__func__.7153
                0x08010180        0xc build/obj/chmtx.o
 *fill*         0x0801018c        0x4 
 .rodata.__func__.7849
                0x08010190       0x10 build/obj/chmtx.o
 .rodata.__func__.7857
                0x080101a0        0xb build/obj/chmtx.o
 *fill*         0x080101ab        0x5 
 .rodata.__func__.7880
                0x080101b0        0xc build/obj/chmtx.o
 *fill*         0x080101bc        0x4 
 .rodata.__func__.7153
                0x080101c0        0xc build/obj/chcond.o
 *fill*         0x080101cc        0x4 
 .rodata.__func__.7865
                0x080101d0       0x11 build/obj/chcond.o
 *fill*         0x080101e1        0xf 
 .rodata.__func__.7153
                0x080101f0        0xc build/obj/chevents.o
 *fill*         0x080101fc        0x4 
 .rodata.__func__.7852
                0x08010200       0x1b build/obj/chevents.o
 *fill*         0x0801021b        0x5 
 .rodata.__func__.7874
                0x08010220       0x15 build/obj/chevents.o
 *fill*         0x08010235        0xb 
 .rodata.__func__.7891
                0x08010240        0xd build/obj/chevents.o
 *fill*         0x0801024d        0x3 
 .rodata.__func__.7153
                0x08010250        0xc build/obj/chqueues.o
 *fill*         0x0801025c        0x4 
 .rodata.__func__.7877
                0x08010260       0x10 build/obj/chqueues.o
 .rodata.__func__.7913
                0x08010270       0x11 build/obj/chqueues.o
 *fill*         0x08010281        0xf 
 .rodata.__func__.7153
                0x08010290        0xc build/obj/chmemcore.o
 *fill*         0x0801029c        0x4 
 .rodata.__func__.9848
                0x080102a0       0x11 build/obj/hal_mmcsd.o
 *fill*         0x080102b1        0xf 
 .rodata.__func__.9855
                0x080102c0       0x14 build/obj/hal_mmcsd.o
 *fill*         0x080102d4        0xc 
 .rodata.__func__.9863
                0x080102e0       0x18 build/obj/hal_mmcsd.o
 *fill*         0x080102f8        0x8 
 .rodata.__func__.7153
                0x08010300        0xc build/obj/adc.o
 *fill*         0x0801030c        0x4 
 .rodata.__func__.9849
                0x08010310        0x9 build/obj/adc.o
 *fill*         0x08010319        0x7 
 .rodata.__func__.9866
                0x08010320       0x14 build/obj/adc.o
 *fill*         0x08010334        0xc 
 .rodata.__func__.9886
                0x08010340        0xe build/obj/adc.o
 *fill*         0x0801034e        0x2 
 .rodata.__func__.7153
                0x08010350        0xc build/obj/i2c.o
 *fill*         0x0801035c        0x4 
 .rodata.__func__.9849
                0x08010360        0x9 build/obj/i2c.o
 *fill*         0x08010369        0x7 
 .rodata.__func__.9853
                0x08010370        0x8 build/obj/i2c.o
 *fill*         0x08010378        0x8 
 .rodata.__func__.9857
                0x08010380        0xd build/obj/i2c.o
 *fill*         0x0801038d        0x3 
 .rodata.__func__.9868
                0x08010390       0x19 build/obj/i2c.o
 *fill*         0x080103a9        0x7 
 .rodata.__func__.9881
                0x080103b0        0xe build/obj/i2c.o
 *fill*         0x080103be        0x2 
 .rodata.__func__.9885
                0x080103c0        0xe build/obj/i2c.o
 *fill*         0x080103ce        0x2 
 .rodata.__func__.7153
                0x080103d0        0xc build/obj/pwm.o
 *fill*         0x080103dc        0x4 
 .rodata.__func__.9849
                0x080103e0        0x9 build/obj/pwm.o
 *fill*         0x080103e9        0x7 
 .rodata.__func__.9858
                0x080103f0       0x10 build/obj/pwm.o
 .rodata.__func__.9864
                0x08010400       0x11 build/obj/pwm.o
 *fill*         0x08010411        0xf 
 .rodata.__func__.9869
                0x08010420       0x12 build/obj/pwm.o
 *fill*         0x08010432        0xe 
 .rodata.__func__.9873
                0x08010440       0x1e build/obj/pwm.o
 *fill*         0x0801045e        0x2 
 .rodata.__func__.9882
                0x08010460       0x1d build/obj/pwm.o
 *fill*         0x0801047d        0x3 
 .rodata.__func__.10349
                0x08010480       0x12 build/obj/sdc.o
 *fill*         0x08010492        0xe 
 .rodata.__func__.10381
                0x080104a0        0xb build/obj/sdc.o
 *fill*         0x080104ab        0x5 
 .rodata.__func__.10392
                0x080104b0        0xe build/obj/sdc.o
 *fill*         0x080104be        0x2 
 .rodata.__func__.10400
                0x080104c0        0x8 build/obj/sdc.o
 *fill*         0x080104c8        0x8 
 .rodata.__func__.10408
                0x080104d0        0x9 build/obj/sdc.o
 *fill*         0x080104d9        0x7 
 .rodata.__func__.10418